Microchip MPLAB XC8 Compiler V1.41 ()

Linker command line:

-W-3 --edf=C:\Program Files (x86)\Microchip\xc8\v1.41\dat\en_msgs.txt -cs \
  -h+dist/default/production\BatterySortRobot.production.sym \
  --cmf=dist/default/production\BatterySortRobot.production.cmf -z \
  -Q18F4620 -oC:\Users\RainS\AppData\Local\Temp\s7m8.2 \
  -Mdist/default/production/BatterySortRobot.production.map -E1 -ver=XC8 \
  -ASTACK=0129h-0f7fh -pstack=STACK -ACODE=00h-0FFFFh -ACONST=00h-0FFFFh \
  -ASMALLCONST=01000h-010FFhx240 -AMEDIUMCONST=01000h-0FFFFh \
  -ACOMRAM=01h-07Fh -AABS1=00h-0F7Fh -ABIGRAM=01h-0F7Fh \
  -ARAM=080h-0FFh,0100h-01FFhx14,0F00h-0F7Fh -ABANK0=080h-0FFh \
  -ABANK1=0100h-01FFh -ABANK2=0200h-02FFh -ABANK3=0300h-03FFh \
  -ABANK4=0400h-04FFh -ABANK5=0500h-05FFh -ABANK6=0600h-06FFh \
  -ABANK7=0700h-07FFh -ABANK8=0800h-08FFh -ABANK9=0900h-09FFh \
  -ABANK10=0A00h-0AFFh -ABANK11=0B00h-0BFFh -ABANK12=0C00h-0CFFh \
  -ABANK13=0D00h-0DFFh -ABANK14=0E00h-0EFFh -ABANK15=0F00h-0F7Fh \
  -ASFR=0F80h-0FFFh -preset_vec=00h,intcode=08h,intcodelo,powerup,init \
  -pramtop=01000h -psmallconst=SMALLCONST -pmediumconst=MEDIUMCONST \
  -pconst=CONST -AFARRAM=00h-00h -ACONFIG=0300000h-030000Dh -pconfig=CONFIG \
  -AIDLOC=0200000h-0200007h -pidloc=IDLOC -AEEDATA=0F00000h-0F003FFh \
  -peeprom_data=EEDATA \
  -prdata=COMRAM,nvrram=COMRAM,nvbit=COMRAM,rbss=COMRAM,rbit=COMRAM \
  -pfarbss=FARRAM,fardata=FARRAM,nvFARRAM=FARRAM \
  -pintsave_regs=BIGRAM,bigbss=BIGRAM,bigdata=BIGRAM -pbss=RAM \
  -pidata=CODE,irdata=CODE,ibigdata=CODE,ifardata=CODE -prparam=COMRAM \
  C:\Users\RainS\AppData\Local\Temp\s7m8.obj \
  dist/default/production\BatterySortRobot.production.obj 

Object code version is 3.11

Machine type is 18F4620

Call graph: (short form)




                Name                               Link     Load   Length Selector   Space Scale
C:\Users\RainS\AppData\Local\Temp\s7m8.obj
                init                                  E        E        4        4       0
                reset_vec                             0        0        4        0       0
                idloc                            200000   200000        8   200000       0
                config                           300000   300000        E   300000       0
dist/default/production\BatterySortRobot.production.obj
                intcode                               8        8        6        4       0
                temp                                 59       59        1        1       1
                smallconst                         1000     1000       C6      800       0
                text28                             1DF4     1DF4       52      863       0
                text27                             1EDA     1EDA       42      863       0
                text26                             1D9E     1D9E       56      863       0
                text25                             203A     203A        C      FDA       0
                text24                             171C     171C      1B6      863       0
                text23                             1A90     1A90       7E      863       0
                text22                             202A     202A       10      FDA       0
                intcode_body                       1A08     1A08       88      863       0
                text20                             1FB4     1FB4       1E      FDA       0
                text19                             1C7E     1C7E       68      863       0
                text18                             201A     201A       10      FDA       0
                text17                             1E94     1E94       46      863       0
                text16                             1F1C     1F1C       38      863       0
                text15                             1E46     1E46       4E      863       0
                text14                             200A     200A       10      FDA       0
                text13                             1D48     1D48       56      863       0
                text12                             1FE6     1FE6       14      FDA       0
                text11                             1B8A     1B8A       7C      863       0
                text10                             1B0E     1B0E       7C      863       0
                text9                              2046     2046        2      FDA       0
                text8                              1C06     1C06       78      863       0
                text7                              1CE6     1CE6       62      863       0
                text6                              1FFA     1FFA       10      FDA       0
                text5                              1330     1330      1F8      863       0
                text4                              18D2     18D2       A6      863       0
                text3                              10C6     10C6      26A      863       0
                text2                              1FD2     1FD2       14      FDA       0
                text1                              1528     1528      1F4      863       0
                text0                              1978     1978       90      863       0
                cstackCOMRAM                          1        1       58        1       1
                cstackBANK0                          80       80       77       80       1
                dataBANK1                           100      100       29      100       1
                bssBANK0                             F7       F7        8       80       1
                cinit                              1F54     1F54       36      863       0
                idataBANK1                         1F8A     1F8A       29      863       0

TOTAL           Name                               Link     Load   Length     Space
        CLASS   STACK          

        CLASS   CODE           
                intcode                               8        8        6         0
                init                                  E        E        4         0
                reset_vec                             0        0        4         0
                text28                             1DF4     1DF4       52         0
                text27                             1EDA     1EDA       42         0
                text26                             1D9E     1D9E       56         0
                text25                             203A     203A        C         0
                text24                             171C     171C      1B6         0
                text23                             1A90     1A90       7E         0
                text22                             202A     202A       10         0
                intcode_body                       1A08     1A08       88         0
                text20                             1FB4     1FB4       1E         0
                text19                             1C7E     1C7E       68         0
                text18                             201A     201A       10         0
                text17                             1E94     1E94       46         0
                text16                             1F1C     1F1C       38         0
                text15                             1E46     1E46       4E         0
                text14                             200A     200A       10         0
                text13                             1D48     1D48       56         0
                text12                             1FE6     1FE6       14         0
                text11                             1B8A     1B8A       7C         0
                text10                             1B0E     1B0E       7C         0
                text9                              2046     2046        2         0
                text8                              1C06     1C06       78         0
                text7                              1CE6     1CE6       62         0
                text6                              1FFA     1FFA       10         0
                text5                              1330     1330      1F8         0
                text4                              18D2     18D2       A6         0
                text3                              10C6     10C6      26A         0
                text2                              1FD2     1FD2       14         0
                text1                              1528     1528      1F4         0
                text0                              1978     1978       90         0
                cinit                              1F54     1F54       36         0
                idataBANK1                         1F8A     1F8A       29         0

        CLASS   CONST          

        CLASS   SMALLCONST     
                smallconst                         1000     1000       C6         0

        CLASS   MEDIUMCONST    

        CLASS   COMRAM         
                temp                                 59       59        1         1
                cstackCOMRAM                          1        1       58         1

        CLASS   ABS1           

        CLASS   BIGRAM         

        CLASS   RAM            

        CLASS   BANK0          
                cstackBANK0                          80       80       77         1
                bssBANK0                             F7       F7        8         1

        CLASS   BANK1          
                dataBANK1                           100      100       29         1

        CLASS   BANK2          

        CLASS   BANK3          

        CLASS   BANK4          

        CLASS   BANK5          

        CLASS   BANK6          

        CLASS   BANK7          

        CLASS   BANK8          

        CLASS   BANK9          

        CLASS   BANK10         

        CLASS   BANK11         

        CLASS   BANK12         

        CLASS   BANK13         

        CLASS   BANK14         

        CLASS   BANK15         

        CLASS   SFR            

        CLASS   FARRAM         

        CLASS   CONFIG         
                config                           300000   300000        E         0

        CLASS   IDLOC          
                idloc                            200000   200000        8         0

        CLASS   EEDATA         



SEGMENTS        Name                           Load    Length   Top    Selector   Space  Class

                reset_vec                      000000  000004  000004         0       0  CODE    
                cstackCOMRAM                   000001  000059  00005A         1       1  COMRAM  
                intcode                        000008  00000A  000012         4       0  CODE    
                cstackBANK0                    000080  00007F  0000FF        80       1  BANK0   
                dataBANK1                      000100  000029  000129       100       1  BANK1   
                smallconst                     001000  0000C6  0010C6       800       0  SMALLCON
                text3                          0010C6  000EED  001FB3       863       0  CODE    
                text20                         001FB4  000094  002048       FDA       0  CODE    
                idloc                          200000  000008  200008    200000       0  IDLOC   
                config                         300000  00000E  30000E    300000       0  CONFIG  


UNUSED ADDRESS RANGES

        Name                Unused          Largest block    Delta
        BANK0            0000FF-0000FF                1
        BANK1            000129-0001FF               D7
        BANK10           000A00-000AFF              100
        BANK11           000B00-000BFF              100
        BANK12           000C00-000CFF              100
        BANK13           000D00-000DFF              100
        BANK14           000E00-000EFF              100
        BANK15           000F00-000F7F               80
        BANK2            000200-0002FF              100
        BANK3            000300-0003FF              100
        BANK4            000400-0004FF              100
        BANK5            000500-0005FF              100
        BANK6            000600-0006FF              100
        BANK7            000700-0007FF              100
        BANK8            000800-0008FF              100
        BANK9            000900-0009FF              100
        BIGRAM           00005A-00007F               26
                         0000FF-0000FF                1
                         000129-000F7F              E57
        CODE             000004-000007                4
                         000012-000FFF              FEE
                         001FB3-001FB3                1
                         002048-00FFFF             DFB8
        COMRAM           00005A-00007F               26
        CONST            000004-000007                4
                         000012-000FFF              FEE
                         001FB3-001FB3                1
                         002048-00FFFF             DFB8
        EEDATA           F00000-F003FF              400
        MEDIUMCONST      001FB3-001FB3                1
                         002048-00FFFF             DFB8
        RAM              0000FF-0000FF                1
                         000129-000F7F              100
        SFR              000F80-000FFF               80
        SMALLCONST       001FB3-001FB3                1
                         002048-00FFFF              100
        STACK            000129-000F7F              E57

                                  Symbol Table

?_AD                     cstackBANK0  000080
?___lwdiv                cstackBANK0  000080
?___lwmod                cstackBANK0  000087
?_captureKeypad          cstackBANK0  000080
?_checkAA                cstackBANK0  000085
?_checkC9V               cstackBANK0  000085
?_getTime                cstackBANK0  000080
?_printf                 cstackBANK0  00008C
?i2___lwdiv              cstackCOMRAM 000001
?i2___lwmod              cstackCOMRAM 000008
?i2_printf               cstackCOMRAM 00000D
AD@channel               cstackBANK0  000084
_AD                      text15       001E46
_ADCON0                  (abs)        000FC2
_ADCON0bits              (abs)        000FC2
_ADCON1                  (abs)        000FC1
_ADFM                    (abs)        007E07
_ADON                    (abs)        007E10
_ADRESH                  (abs)        000FC4
_ADRESL                  (abs)        000FC3
_CVRCON                  (abs)        000FB5
_INT1IE                  (abs)        007F83
_INT1IF                  (abs)        007F80
_INTCONbits              (abs)        000FF2
_LATA                    (abs)        000F89
_LATB                    (abs)        000F8A
_LATC                    (abs)        000F8B
_LATD                    (abs)        000F8C
_LATDbits                (abs)        000F8C
_LATE                    (abs)        000F8D
_PORTB                   (abs)        000F81
_PORTBbits               (abs)        000F81
_TRISA                   (abs)        000F92
_TRISB                   (abs)        000F93
_TRISC                   (abs)        000F94
_TRISD                   (abs)        000F95
_TRISE                   (abs)        000F96
__CFG_BOREN$SBORDIS      (abs)        000000
__CFG_BORV$3             (abs)        000000
__CFG_CCP2MX$PORTC       (abs)        000000
__CFG_CP0$OFF            (abs)        000000
__CFG_CP1$OFF            (abs)        000000
__CFG_CP2$OFF            (abs)        000000
__CFG_CP3$OFF            (abs)        000000
__CFG_CPB$OFF            (abs)        000000
__CFG_CPD$OFF            (abs)        000000
__CFG_EBTR0$OFF          (abs)        000000
__CFG_EBTR1$OFF          (abs)        000000
__CFG_EBTR2$OFF          (abs)        000000
__CFG_EBTR3$OFF          (abs)        000000
__CFG_EBTRB$OFF          (abs)        000000
__CFG_FCMEN$OFF          (abs)        000000
__CFG_IESO$OFF           (abs)        000000
__CFG_LPT1OSC$OFF        (abs)        000000
__CFG_LVP$OFF            (abs)        000000
__CFG_MCLRE$ON           (abs)        000000
__CFG_OSC$HS             (abs)        000000
__CFG_PBADEN$ON          (abs)        000000
__CFG_PWRT$OFF           (abs)        000000
__CFG_STVREN$ON          (abs)        000000
__CFG_WDT$OFF            (abs)        000000
__CFG_WDTPS$32768        (abs)        000000
__CFG_WRT0$OFF           (abs)        000000
__CFG_WRT1$OFF           (abs)        000000
__CFG_WRT2$OFF           (abs)        000000
__CFG_WRT3$OFF           (abs)        000000
__CFG_WRTB$OFF           (abs)        000000
__CFG_WRTC$OFF           (abs)        000000
__CFG_WRTD$OFF           (abs)        000000
__CFG_XINST$OFF          (abs)        000000
__HRAM                   (abs)        000000
__Habs1                  abs1         000000
__Hbank0                 bank0        000000
__Hbank1                 bank1        000000
__Hbank10                bank10       000000
__Hbank11                bank11       000000
__Hbank12                bank12       000000
__Hbank13                bank13       000000
__Hbank14                bank14       000000
__Hbank15                bank15       000000
__Hbank2                 bank2        000000
__Hbank3                 bank3        000000
__Hbank4                 bank4        000000
__Hbank5                 bank5        000000
__Hbank6                 bank6        000000
__Hbank7                 bank7        000000
__Hbank8                 bank8        000000
__Hbank9                 bank9        000000
__Hbigbss                bigbss       000000
__Hbigdata               bigdata      000000
__Hbigram                bigram       000000
__Hbss                   bss          000000
__HbssBANK0              bssBANK0     000000
__Hcinit                 cinit        000000
__Hclrtext               clrtext      000000
__Hcomram                comram       000000
__Hconfig                config       30000E
__Hconst                 const        000000
__HcstackBANK0           cstackBANK0  000000
__HcstackCOMRAM          cstackCOMRAM 000000
__Hdata                  data         000000
__HdataBANK1             dataBANK1    000000
__Heeprom_data           eeprom_data  000000
__Hfarbss                farbss       000000
__Hfardata               fardata      000000
__Hibigdata              ibigdata     000000
__Hidata                 idata        000000
__HidataBANK1            idataBANK1   000000
__Hidloc                 idloc        200008
__Hifardata              ifardata     000000
__Hinit                  init         000012
__Hintcode               intcode      00000E
__Hintcode_body          intcode_body 000000
__Hintcodelo             intcodelo    00000E
__Hintentry              intentry     000000
__Hintret                intret       000000
__Hintsave_regs          intsave_regs 000000
__Hirdata                irdata       000000
__Hmediumconst           mediumconst  000000
__HnvFARRAM              nvFARRAM     000000
__Hnvbit                 nvbit        000000
__Hnvrram                nvrram       000000
__Hparam                 rparam       000000
__Hpowerup               powerup      00000E
__Hram                   ram          000000
__Hramtop                ramtop       001000
__Hrbit                  rbit         000000
__Hrbss                  rbss         000000
__Hrdata                 rdata        000000
__Hreset_vec             reset_vec    000004
__Hrparam                rparam       000000
__Hsfr                   sfr          000000
__Hsmallconst            smallconst   0010C6
__Hspace_0               (abs)        30000E
__Hspace_1               (abs)        000129
__Hspace_2               (abs)        000000
__Hstack                 stack        000000
__Hstruct                struct       000000
__Htemp                  temp         00005A
__Htext                  text         000000
__Htext0                 text0        000000
__Htext1                 text1        000000
__Htext10                text10       000000
__Htext11                text11       000000
__Htext12                text12       000000
__Htext13                text13       000000
__Htext14                text14       000000
__Htext15                text15       000000
__Htext16                text16       000000
__Htext17                text17       000000
__Htext18                text18       000000
__Htext19                text19       000000
__Htext2                 text2        000000
__Htext20                text20       000000
__Htext22                text22       000000
__Htext23                text23       000000
__Htext24                text24       000000
__Htext25                text25       000000
__Htext26                text26       000000
__Htext27                text27       000000
__Htext28                text28       000000
__Htext29                text29       000000
__Htext3                 text3        000000
__Htext4                 text4        000000
__Htext5                 text5        000000
__Htext6                 text6        000000
__Htext7                 text7        000000
__Htext8                 text8        000000
__Htext9                 text9        000000
__LRAM                   (abs)        000001
__Labs1                  abs1         000000
__Lbank0                 bank0        000000
__Lbank1                 bank1        000000
__Lbank10                bank10       000000
__Lbank11                bank11       000000
__Lbank12                bank12       000000
__Lbank13                bank13       000000
__Lbank14                bank14       000000
__Lbank15                bank15       000000
__Lbank2                 bank2        000000
__Lbank3                 bank3        000000
__Lbank4                 bank4        000000
__Lbank5                 bank5        000000
__Lbank6                 bank6        000000
__Lbank7                 bank7        000000
__Lbank8                 bank8        000000
__Lbank9                 bank9        000000
__Lbigbss                bigbss       000000
__Lbigdata               bigdata      000000
__Lbigram                bigram       000000
__Lbss                   bss          000000
__LbssBANK0              bssBANK0     000000
__Lcinit                 cinit        000000
__Lclrtext               clrtext      000000
__Lcomram                comram       000000
__Lconfig                config       300000
__Lconst                 const        000000
__LcstackBANK0           cstackBANK0  000000
__LcstackCOMRAM          cstackCOMRAM 000000
__Ldata                  data         000000
__LdataBANK1             dataBANK1    000000
__Leeprom_data           eeprom_data  000000
__Lfarbss                farbss       000000
__Lfardata               fardata      000000
__Libigdata              ibigdata     000000
__Lidata                 idata        000000
__LidataBANK1            idataBANK1   000000
__Lidloc                 idloc        200000
__Lifardata              ifardata     000000
__Linit                  init         00000E
__Lintcode               intcode      000008
__Lintcode_body          intcode_body 000000
__Lintcodelo             intcodelo    00000E
__Lintentry              intentry     000000
__Lintret                intret       000000
__Lintsave_regs          intsave_regs 000000
__Lirdata                irdata       000000
__Lmediumconst           mediumconst  000000
__LnvFARRAM              nvFARRAM     000000
__Lnvbit                 nvbit        000000
__Lnvrram                nvrram       000000
__Lparam                 rparam       000000
__Lpowerup               powerup      00000E
__Lram                   ram          000000
__Lramtop                ramtop       001000
__Lrbit                  rbit         000000
__Lrbss                  rbss         000000
__Lrdata                 rdata        000000
__Lreset_vec             reset_vec    000000
__Lrparam                rparam       000000
__Lsfr                   sfr          000000
__Lsmallconst            smallconst   001000
__Lspace_0               (abs)        000000
__Lspace_1               (abs)        000000
__Lspace_2               (abs)        000000
__Lstack                 stack        000000
__Lstruct                struct       000000
__Ltemp                  temp         000059
__Ltext                  text         000000
__Ltext0                 text0        000000
__Ltext1                 text1        000000
__Ltext10                text10       000000
__Ltext11                text11       000000
__Ltext12                text12       000000
__Ltext13                text13       000000
__Ltext14                text14       000000
__Ltext15                text15       000000
__Ltext16                text16       000000
__Ltext17                text17       000000
__Ltext18                text18       000000
__Ltext19                text19       000000
__Ltext2                 text2        000000
__Ltext20                text20       000000
__Ltext22                text22       000000
__Ltext23                text23       000000
__Ltext24                text24       000000
__Ltext25                text25       000000
__Ltext26                text26       000000
__Ltext27                text27       000000
__Ltext28                text28       000000
__Ltext29                text29       000000
__Ltext3                 text3        000000
__Ltext4                 text4        000000
__Ltext5                 text5        000000
__Ltext6                 text6        000000
__Ltext7                 text7        000000
__Ltext8                 text8        000000
__Ltext9                 text9        000000
__S0                     (abs)        30000E
__S1                     (abs)        000129
__S2                     (abs)        000000
___inthi_sp              stack        000000
___intlo_sp              stack        000000
___lwdiv                 text8        001C06
___lwdiv@counter         cstackBANK0  000086
___lwdiv@dividend        cstackBANK0  000080
___lwdiv@divisor         cstackBANK0  000082
___lwdiv@quotient        cstackBANK0  000084
___lwmod                 text7        001CE6
___lwmod@counter         cstackBANK0  00008B
___lwmod@dividend        cstackBANK0  000087
___lwmod@divisor         cstackBANK0  000089
___param_bank            (abs)        000000
___rparam_used           (abs)        000001
___sp                    stack        000000
__accesstop              (abs)        000080
__activetblptr           (abs)        000003
__end_of_AD              text15       001E94
__end_of___lwdiv         text8        001C7E
__end_of___lwmod         text7        001D48
__end_of__initialization cinit        001F80
__end_of_captureKeypad   text20       001FD2
__end_of_checkAA         text14       00201A
__end_of_checkC9V        text13       001D9E
__end_of_dpowers         smallconst   00100B
__end_of_getTime         text12       001FFA
__end_of_initLCD         text17       001EDA
__end_of_initialize      text16       001F54
__end_of_keypressed      intcode_body 001A90
__end_of_lcdInst         text18       00202A
__end_of_lcdNibble       text19       001CE6
__end_of_main            text0        001A08
__end_of_mainloop        text1        00171C
__end_of_moveBigNose     text11       001C06
__end_of_moveSmallNose   text10       001B8A
__end_of_moveXMotors     text9        002048
__end_of_printf          text5        001528
__end_of_println         text4        001978
__end_of_putch           text6        00200A
__end_of_showInfo        text3        001330
__end_of_stopMoving      text2        001FE6
__end_ofi2___lwdiv       text28       001E46
__end_ofi2___lwmod       text27       001F1C
__end_ofi2_lcdNibble     text26       001DF4
__end_ofi2_printf        text24       0018D2
__end_ofi2_println       text23       001B0E
__end_ofi2_putch         text25       002046
__end_ofi2_stopMoving    text22       00203A
__initialization         cinit        001F54
__mediumconst            mediumconst  000000
__pbssBANK0              bssBANK0     0000F7
__pcinit                 cinit        001F54
__pcstackBANK0           cstackBANK0  000080
__pcstackCOMRAM          cstackCOMRAM 000001
__pdataBANK1             dataBANK1    000100
__pidataBANK1            idataBANK1   001F8A
__pintcode               intcode      000008
__pintcode_body          intcode_body 001A08
__psmallconst            smallconst   001000
__ptext0                 text0        001978
__ptext1                 text1        001528
__ptext10                text10       001B0E
__ptext11                text11       001B8A
__ptext12                text12       001FE6
__ptext13                text13       001D48
__ptext14                text14       00200A
__ptext15                text15       001E46
__ptext16                text16       001F1C
__ptext17                text17       001E94
__ptext18                text18       00201A
__ptext19                text19       001C7E
__ptext2                 text2        001FD2
__ptext20                text20       001FB4
__ptext22                text22       00202A
__ptext23                text23       001A90
__ptext24                text24       00171C
__ptext25                text25       00203A
__ptext26                text26       001D9E
__ptext27                text27       001EDA
__ptext28                text28       001DF4
__ptext29                text29       000000
__ptext3                 text3        0010C6
__ptext4                 text4        0018D2
__ptext5                 text5        001330
__ptext6                 text6        001FFA
__ptext7                 text7        001CE6
__ptext8                 text8        001C06
__ptext9                 text9        002046
__ramtop                 ramtop       001000
__size_of_AD             (abs)        000000
__size_of___lwdiv        (abs)        000000
__size_of___lwmod        (abs)        000000
__size_of_captureKeypad  (abs)        000000
__size_of_checkAA        (abs)        000000
__size_of_checkC9V       (abs)        000000
__size_of_getTime        (abs)        000000
__size_of_initLCD        (abs)        000000
__size_of_initialize     (abs)        000000
__size_of_keypressed     (abs)        000000
__size_of_lcdInst        (abs)        000000
__size_of_lcdNibble      (abs)        000000
__size_of_main           (abs)        000000
__size_of_mainloop       (abs)        000000
__size_of_moveBigNose    (abs)        000000
__size_of_moveSmallNose  (abs)        000000
__size_of_moveXMotors    (abs)        000000
__size_of_printf         (abs)        000000
__size_of_println        (abs)        000000
__size_of_putch          (abs)        000000
__size_of_showInfo       (abs)        000000
__size_of_stopMoving     (abs)        000000
__size_ofi2___lwdiv      (abs)        000000
__size_ofi2___lwmod      (abs)        000000
__size_ofi2_lcdNibble    (abs)        000000
__size_ofi2_printf       (abs)        000000
__size_ofi2_println      (abs)        000000
__size_ofi2_putch        (abs)        000000
__size_ofi2_stopMoving   (abs)        000000
__smallconst             smallconst   001000
_captureKeypad           text20       001FB4
_checkAA                 text14       00200A
_checkC9V                text13       001D48
_dpowers                 smallconst   001001
_getTime                 text12       001FE6
_initLCD                 text17       001E94
_initialize              text16       001F1C
_keypressed              intcode      000008
_lcdInst                 text18       00201A
_lcdNibble               text19       001C7E
_main                    text0        001978
_mainloop                text1        001528
_mainloop$155            cstackBANK0  0000DF
_moveBigNose             text11       001B8A
_moveSmallNose           text10       001B0E
_moveXMotors             text9        002046
_printf                  text5        001330
_println                 text4        0018D2
_putch                   text6        001FFA
_showInfo                text3        0010C6
_stopMoving              text2        001FD2
btemp                    temp         000059
captureKeypad@keypress   cstackBANK0  000082
checkC9V@charged9        cstackBANK0  000089
checkC9V@chargedC        cstackBANK0  000087
end_of_initialization    cinit        001F80
getTime@time             cstackBANK0  000082
i2___lwdiv               text28       001DF4
i2___lwdiv@counter       cstackCOMRAM 000007
i2___lwdiv@dividend      cstackCOMRAM 000001
i2___lwdiv@divisor       cstackCOMRAM 000003
i2___lwdiv@quotient      cstackCOMRAM 000005
i2___lwmod               text27       001EDA
i2___lwmod@counter       cstackCOMRAM 00000C
i2___lwmod@dividend      cstackCOMRAM 000008
i2___lwmod@divisor       cstackCOMRAM 00000A
i2_lcdNibble             text26       001D9E
i2_printf                text24       00171C
i2_println               text23       001A90
i2_putch                 text25       00203A
i2_stopMoving            text22       00202A
i2lcdNibble@data         cstackCOMRAM 000002
i2lcdNibble@temp         cstackCOMRAM 000001
i2printf@ap              cstackCOMRAM 000014
i2printf@c               cstackCOMRAM 00001A
i2printf@cp              cstackCOMRAM 000016
i2printf@f               cstackCOMRAM 00000D
i2printf@flag            cstackCOMRAM 000012
i2printf@prec            cstackCOMRAM 000013
i2printf@val             cstackCOMRAM 000018
i2println@data           cstackCOMRAM 00001B
i2println@i              cstackCOMRAM 000048
i2println@output         cstackCOMRAM 00001F
i2putch@data             cstackCOMRAM 000003
int$flags                temp         000059
int_func                 intcode_body 001A08
intlevel0                text         000000
intlevel1                text         000000
intlevel2                text         000000
intlevel3                text         000000
keypressed@keypress      cstackCOMRAM 000058
lcdInst@data             cstackBANK0  000082
lcdNibble@data           cstackBANK0  000081
lcdNibble@temp           cstackBANK0  000080
main@bigNose             cstackBANK0  0000F3
main@smallNose           cstackBANK0  0000F5
mainloop@AA              cstackBANK0  0000EA
mainloop@C9              cstackBANK0  0000EC
mainloop@F3179           bssBANK0     0000F7
mainloop@bigNose         cstackBANK0  0000D7
mainloop@smallNose       cstackBANK0  0000D9
mainloop@sorted          cstackBANK0  0000E2
mainloop@startTime       cstackBANK0  0000E0
mainloop@stop            cstackBANK0  0000DD
moveBigNose@next         cstackBANK0  000082
moveBigNose@prev         cstackBANK0  000080
moveSmallNose@next       cstackBANK0  000082
moveSmallNose@prev       cstackBANK0  000080
printf@ap                cstackBANK0  000093
printf@c                 cstackBANK0  000099
printf@cp                cstackBANK0  000095
printf@f                 cstackBANK0  00008C
printf@flag              cstackBANK0  000091
printf@prec              cstackBANK0  000092
printf@val               cstackBANK0  000097
println@F3053            dataBANK1    000100
println@data             cstackBANK0  00009A
println@i                cstackBANK0  0000C7
println@output           cstackBANK0  00009E
putch@data               cstackBANK0  000082
showInfo@sorted          cstackBANK0  0000CB
showInfo@time            cstackBANK0  0000C9
showInfo@type            cstackBANK0  0000D5
stackhi                  (abs)        000F7F
stacklo                  (abs)        000129
start                    init         00000E
start_initialization     cinit        001F54


FUNCTION INFORMATION:

 *************** function _main *****************
 Defined at:
		line 97 in file "main.c"
 Parameters:    Size  Location     Type
  argc            2  110[BANK0 ] int 
  argv            3  112[BANK0 ] PTR PTR unsigned char 
 Auto vars:     Size  Location     Type
  smallNose       2  117[BANK0 ] int 
  bigNose         2  115[BANK0 ] int 
 Return value:  Size  Location     Type
                  2  110[BANK0 ] int 
 Registers used:
		wreg, fsr0l, fsr0h, fsr1l, fsr1h, fsr2l, fsr2h, status,2, status,0, tblptrl, tblptrh, tblptru, prodl, prodh, cstack
 Tracked objects:
		On entry : 
		On exit  : 
		Unchanged: 
 Data sizes:     COMRAM   BANK0   BANK1   BANK2   BANK3   BANK4   BANK5   BANK6   BANK7   BANK8   BANK9  BANK10  BANK11  BANK12  BANK13  BANK14  BANK15
      Params:         0       5       0       0       0       0       0       0       0       0       0       0       0       0       0       0       0
      Locals:         0       4       0       0       0       0       0       0       0       0       0       0       0       0       0       0       0
      Temps:          0       0       0       0       0       0       0       0       0       0       0       0       0       0       0       0       0
      Totals:         0       9       0       0       0       0       0       0       0       0       0       0       0       0       0       0       0
Total ram usage:        9 bytes
 Hardware stack levels required when called:   12
 This function calls:
		_captureKeypad
		_initialize
		_mainloop
		_moveBigNose
		_moveSmallNose
		_println
 This function is called by:
		Startup code after reset
 This function uses a non-reentrant model


 *************** function _mainloop *****************
 Defined at:
		line 61 in file "main.c"
 Parameters:    Size  Location     Type
  bigNose         2   87[BANK0 ] PTR int 
		 -> main@bigNose(2), 
  smallNose       2   89[BANK0 ] PTR int 
		 -> main@smallNose(2), 
 Auto vars:     Size  Location     Type
  sorted          8   98[BANK0 ] int [4]
  C9              2  108[BANK0 ] int 
  AA              2  106[BANK0 ] int 
  startTime       2   96[BANK0 ] int 
  stop            2   93[BANK0 ] int 
 Return value:  Size  Location     Type
                  1    wreg      void 
 Registers used:
		wreg, fsr0l, fsr0h, fsr1l, fsr1h, fsr2l, fsr2h, status,2, status,0, tblptrl, tblptrh, tblptru, prodl, prodh, cstack
 Tracked objects:
		On entry : 
		On exit  : 
		Unchanged: 
 Data sizes:     COMRAM   BANK0   BANK1   BANK2   BANK3   BANK4   BANK5   BANK6   BANK7   BANK8   BANK9  BANK10  BANK11  BANK12  BANK13  BANK14  BANK15
      Params:         0       4       0       0       0       0       0       0       0       0       0       0       0       0       0       0       0
      Locals:         0      17       0       0       0       0       0       0       0       0       0       0       0       0       0       0       0
      Temps:          0       2       0       0       0       0       0       0       0       0       0       0       0       0       0       0       0
      Totals:         0      23       0       0       0       0       0       0       0       0       0       0       0       0       0       0       0
Total ram usage:       23 bytes
 Hardware stack levels used:    1
 Hardware stack levels required when called:   11
 This function calls:
		_checkAA
		_checkC9V
		_getTime
		_moveBigNose
		_moveSmallNose
		_moveXMotors
		_println
		_showInfo
		_stopMoving
 This function is called by:
		_main
 This function uses a non-reentrant model


 *************** function _stopMoving *****************
 Defined at:
		line 126 in file "modules.c"
 Parameters:    Size  Location     Type
		None
 Auto vars:     Size  Location     Type
		None
 Return value:  Size  Location     Type
                  1    wreg      void 
 Registers used:
		wreg, fsr0l, fsr0h, fsr1l, fsr1h, fsr2l, fsr2h, status,2, status,0, tblptrl, tblptrh, tblptru, prodl, prodh, cstack
 Tracked objects:
		On entry : 
		On exit  : 
		Unchanged: 
 Data sizes:     COMRAM   BANK0   BANK1   BANK2   BANK3   BANK4   BANK5   BANK6   BANK7   BANK8   BANK9  BANK10  BANK11  BANK12  BANK13  BANK14  BANK15
      Params:         0       0       0       0       0       0       0       0       0       0       0       0       0       0       0       0       0
      Locals:         0       0       0       0       0       0       0       0       0       0       0       0       0       0       0       0       0
      Temps:          0       0       0       0       0       0       0       0       0       0       0       0       0       0       0       0       0
      Totals:         0       0       0       0       0       0       0       0       0       0       0       0       0       0       0       0       0
Total ram usage:        0 bytes
 Hardware stack levels used:    1
 Hardware stack levels required when called:   10
 This function calls:
		_println
 This function is called by:
		_mainloop
 This function uses a non-reentrant model


 *************** function _showInfo *****************
 Defined at:
		line 44 in file "modules.c"
 Parameters:    Size  Location     Type
  time            2   73[BANK0 ] unsigned int 
  sorted          2   75[BANK0 ] PTR unsigned int 
		 -> mainloop@sorted(8), 
 Auto vars:     Size  Location     Type
  type            2   85[BANK0 ] int 
 Return value:  Size  Location     Type
                  1    wreg      void 
 Registers used:
		wreg, fsr0l, fsr0h, fsr1l, fsr1h, fsr2l, fsr2h, status,2, status,0, tblptrl, tblptrh, tblptru, prodl, prodh, cstack
 Tracked objects:
		On entry : 
		On exit  : 
		Unchanged: 
 Data sizes:     COMRAM   BANK0   BANK1   BANK2   BANK3   BANK4   BANK5   BANK6   BANK7   BANK8   BANK9  BANK10  BANK11  BANK12  BANK13  BANK14  BANK15
      Params:         0       4       0       0       0       0       0       0       0       0       0       0       0       0       0       0       0
      Locals:         0       2       0       0       0       0       0       0       0       0       0       0       0       0       0       0       0
      Temps:          0       8       0       0       0       0       0       0       0       0       0       0       0       0       0       0       0
      Totals:         0      14       0       0       0       0       0       0       0       0       0       0       0       0       0       0       0
Total ram usage:       14 bytes
 Hardware stack levels used:    1
 Hardware stack levels required when called:   10
 This function calls:
		_printf
		_println
 This function is called by:
		_mainloop
 This function uses a non-reentrant model


 *************** function _println *****************
 Defined at:
		line 18 in file "modules.c"
 Parameters:    Size  Location     Type
  data            2   26[BANK0 ] PTR unsigned char 
		 -> STR_20(10), STR_18(11), STR_16(11), STR_14(10), 
		 -> STR_12(11), STR_10(14), STR_8(14), STR_7(14), 
		 -> STR_6(15), STR_5(2), STR_4(17), STR_2(9), 
		 -> STR_1(11), 
 Auto vars:     Size  Location     Type
  output         41   30[BANK0 ] unsigned char [41]
  i               2   71[BANK0 ] int 
 Return value:  Size  Location     Type
                  1    wreg      void 
 Registers used:
		wreg, fsr0l, fsr0h, fsr1l, fsr1h, fsr2l, fsr2h, status,2, status,0, tblptrl, tblptrh, tblptru, prodl, prodh, cstack
 Tracked objects:
		On entry : 
		On exit  : 
		Unchanged: 
 Data sizes:     COMRAM   BANK0   BANK1   BANK2   BANK3   BANK4   BANK5   BANK6   BANK7   BANK8   BANK9  BANK10  BANK11  BANK12  BANK13  BANK14  BANK15
      Params:         0       2       0       0       0       0       0       0       0       0       0       0       0       0       0       0       0
      Locals:         0      43       0       0       0       0       0       0       0       0       0       0       0       0       0       0       0
      Temps:          0       2       0       0       0       0       0       0       0       0       0       0       0       0       0       0       0
      Totals:         0      47       0       0       0       0       0       0       0       0       0       0       0       0       0       0       0
Total ram usage:       47 bytes
 Hardware stack levels used:    1
 Hardware stack levels required when called:    9
 This function calls:
		_printf
 This function is called by:
		_mainloop
		_main
		_showInfo
		_stopMoving
 This function uses a non-reentrant model


 *************** function _printf *****************
 Defined at:
		line 464 in file "C:\Program Files (x86)\Microchip\xc8\v1.41\sources\common\doprnt.c"
 Parameters:    Size  Location     Type
  f               2   12[BANK0 ] PTR const unsigned char 
		 -> STR_19(3), STR_17(3), STR_15(3), STR_13(3), 
		 -> STR_11(13), STR_9(11), STR_3(3), 
 Auto vars:     Size  Location     Type
  tmpval          4    0        struct .
  val             2   23[BANK0 ] unsigned int 
  cp              2   21[BANK0 ] PTR const unsigned char 
		 -> STR_21(7), println@output(41), 
  ap              2   19[BANK0 ] PTR void [1]
		 -> ?i2_printf(2), ?_printf(2), 
  len             2    0        unsigned int 
  c               1   25[BANK0 ] char 
  prec            1   18[BANK0 ] char 
  flag            1   17[BANK0 ] unsigned char 
 Return value:  Size  Location     Type
                  2   12[BANK0 ] int 
 Registers used:
		wreg, fsr0l, fsr0h, fsr2l, fsr2h, status,2, status,0, tblptrl, tblptrh, tblptru, prodl, prodh, cstack
 Tracked objects:
		On entry : 
		On exit  : 
		Unchanged: 
 Data sizes:     COMRAM   BANK0   BANK1   BANK2   BANK3   BANK4   BANK5   BANK6   BANK7   BANK8   BANK9  BANK10  BANK11  BANK12  BANK13  BANK14  BANK15
      Params:         0       4       0       0       0       0       0       0       0       0       0       0       0       0       0       0       0
      Locals:         0       9       0       0       0       0       0       0       0       0       0       0       0       0       0       0       0
      Temps:          0       1       0       0       0       0       0       0       0       0       0       0       0       0       0       0       0
      Totals:         0      14       0       0       0       0       0       0       0       0       0       0       0       0       0       0       0
Total ram usage:       14 bytes
 Hardware stack levels used:    1
 Hardware stack levels required when called:    8
 This function calls:
		___lwdiv
		___lwmod
		_putch
 This function is called by:
		_println
		_showInfo
 This function uses a non-reentrant model


 *************** function _putch *****************
 Defined at:
		line 31 in file "lcd.c"
 Parameters:    Size  Location     Type
  data            1    wreg     unsigned char 
 Auto vars:     Size  Location     Type
  data            1    2[BANK0 ] unsigned char 
 Return value:  Size  Location     Type
                  1    wreg      void 
 Registers used:
		wreg, status,2, status,0, cstack
 Tracked objects:
		On entry : 
		On exit  : 
		Unchanged: 
 Data sizes:     COMRAM   BANK0   BANK1   BANK2   BANK3   BANK4   BANK5   BANK6   BANK7   BANK8   BANK9  BANK10  BANK11  BANK12  BANK13  BANK14  BANK15
      Params:         0       0       0       0       0       0       0       0       0       0       0       0       0       0       0       0       0
      Locals:         0       1       0       0       0       0       0       0       0       0       0       0       0       0       0       0       0
      Temps:          0       0       0       0       0       0       0       0       0       0       0       0       0       0       0       0       0
      Totals:         0       1       0       0       0       0       0       0       0       0       0       0       0       0       0       0       0
Total ram usage:        1 bytes
 Hardware stack levels used:    1
 Hardware stack levels required when called:    7
 This function calls:
		_lcdNibble
 This function is called by:
		_printf
 This function uses a non-reentrant model


 *************** function ___lwmod *****************
 Defined at:
		line 8 in file "C:\Program Files (x86)\Microchip\xc8\v1.41\sources\common\lwmod.c"
 Parameters:    Size  Location     Type
  dividend        2    7[BANK0 ] unsigned int 
  divisor         2    9[BANK0 ] unsigned int 
 Auto vars:     Size  Location     Type
  counter         1   11[BANK0 ] unsigned char 
 Return value:  Size  Location     Type
                  2    7[BANK0 ] unsigned int 
 Registers used:
		wreg, status,2, status,0
 Tracked objects:
		On entry : 
		On exit  : 
		Unchanged: 
 Data sizes:     COMRAM   BANK0   BANK1   BANK2   BANK3   BANK4   BANK5   BANK6   BANK7   BANK8   BANK9  BANK10  BANK11  BANK12  BANK13  BANK14  BANK15
      Params:         0       4       0       0       0       0       0       0       0       0       0       0       0       0       0       0       0
      Locals:         0       1       0       0       0       0       0       0       0       0       0       0       0       0       0       0       0
      Temps:          0       0       0       0       0       0       0       0       0       0       0       0       0       0       0       0       0
      Totals:         0       5       0       0       0       0       0       0       0       0       0       0       0       0       0       0       0
Total ram usage:        5 bytes
 Hardware stack levels used:    1
 Hardware stack levels required when called:    6
 This function calls:
		Nothing
 This function is called by:
		_printf
 This function uses a non-reentrant model


 *************** function ___lwdiv *****************
 Defined at:
		line 8 in file "C:\Program Files (x86)\Microchip\xc8\v1.41\sources\common\lwdiv.c"
 Parameters:    Size  Location     Type
  dividend        2    0[BANK0 ] unsigned int 
  divisor         2    2[BANK0 ] unsigned int 
 Auto vars:     Size  Location     Type
  quotient        2    4[BANK0 ] unsigned int 
  counter         1    6[BANK0 ] unsigned char 
 Return value:  Size  Location     Type
                  2    0[BANK0 ] unsigned int 
 Registers used:
		wreg, status,2, status,0
 Tracked objects:
		On entry : 
		On exit  : 
		Unchanged: 
 Data sizes:     COMRAM   BANK0   BANK1   BANK2   BANK3   BANK4   BANK5   BANK6   BANK7   BANK8   BANK9  BANK10  BANK11  BANK12  BANK13  BANK14  BANK15
      Params:         0       4       0       0       0       0       0       0       0       0       0       0       0       0       0       0       0
      Locals:         0       3       0       0       0       0       0       0       0       0       0       0       0       0       0       0       0
      Temps:          0       0       0       0       0       0       0       0       0       0       0       0       0       0       0       0       0
      Totals:         0       7       0       0       0       0       0       0       0       0       0       0       0       0       0       0       0
Total ram usage:        7 bytes
 Hardware stack levels used:    1
 Hardware stack levels required when called:    6
 This function calls:
		Nothing
 This function is called by:
		_printf
 This function uses a non-reentrant model


 *************** function _moveXMotors *****************
 Defined at:
		line 94 in file "modules.c"
 Parameters:    Size  Location     Type
		None
 Auto vars:     Size  Location     Type
		None
 Return value:  Size  Location     Type
                  2   44[None  ] int 
 Registers used:
		None
 Tracked objects:
		On entry : 
		On exit  : 
		Unchanged: 
 Data sizes:     COMRAM   BANK0   BANK1   BANK2   BANK3   BANK4   BANK5   BANK6   BANK7   BANK8   BANK9  BANK10  BANK11  BANK12  BANK13  BANK14  BANK15
      Params:         0       0       0       0       0       0       0       0       0       0       0       0       0       0       0       0       0
      Locals:         0       0       0       0       0       0       0       0       0       0       0       0       0       0       0       0       0
      Temps:          0       0       0       0       0       0       0       0       0       0       0       0       0       0       0       0       0
      Totals:         0       0       0       0       0       0       0       0       0       0       0       0       0       0       0       0       0
Total ram usage:        0 bytes
 Hardware stack levels used:    1
 Hardware stack levels required when called:    6
 This function calls:
		Nothing
 This function is called by:
		_mainloop
 This function uses a non-reentrant model


 *************** function _moveSmallNose *****************
 Defined at:
		line 112 in file "modules.c"
 Parameters:    Size  Location     Type
  prev            2    0[BANK0 ] PTR int 
		 -> main@smallNose(2), 
  next            2    2[BANK0 ] int 
 Auto vars:     Size  Location     Type
		None
 Return value:  Size  Location     Type
                  1    wreg      void 
 Registers used:
		wreg, fsr2l, fsr2h, status,2, status,0
 Tracked objects:
		On entry : 
		On exit  : 
		Unchanged: 
 Data sizes:     COMRAM   BANK0   BANK1   BANK2   BANK3   BANK4   BANK5   BANK6   BANK7   BANK8   BANK9  BANK10  BANK11  BANK12  BANK13  BANK14  BANK15
      Params:         0       4       0       0       0       0       0       0       0       0       0       0       0       0       0       0       0
      Locals:         0       0       0       0       0       0       0       0       0       0       0       0       0       0       0       0       0
      Temps:          0       3       0       0       0       0       0       0       0       0       0       0       0       0       0       0       0
      Totals:         0       7       0       0       0       0       0       0       0       0       0       0       0       0       0       0       0
Total ram usage:        7 bytes
 Hardware stack levels used:    1
 Hardware stack levels required when called:    6
 This function calls:
		Nothing
 This function is called by:
		_mainloop
		_main
 This function uses a non-reentrant model


 *************** function _moveBigNose *****************
 Defined at:
		line 98 in file "modules.c"
 Parameters:    Size  Location     Type
  prev            2    0[BANK0 ] PTR int 
		 -> main@bigNose(2), 
  next            2    2[BANK0 ] int 
 Auto vars:     Size  Location     Type
		None
 Return value:  Size  Location     Type
                  1    wreg      void 
 Registers used:
		wreg, fsr2l, fsr2h, status,2, status,0
 Tracked objects:
		On entry : 
		On exit  : 
		Unchanged: 
 Data sizes:     COMRAM   BANK0   BANK1   BANK2   BANK3   BANK4   BANK5   BANK6   BANK7   BANK8   BANK9  BANK10  BANK11  BANK12  BANK13  BANK14  BANK15
      Params:         0       4       0       0       0       0       0       0       0       0       0       0       0       0       0       0       0
      Locals:         0       0       0       0       0       0       0       0       0       0       0       0       0       0       0       0       0
      Temps:          0       3       0       0       0       0       0       0       0       0       0       0       0       0       0       0       0
      Totals:         0       7       0       0       0       0       0       0       0       0       0       0       0       0       0       0       0
Total ram usage:        7 bytes
 Hardware stack levels used:    1
 Hardware stack levels required when called:    6
 This function calls:
		Nothing
 This function is called by:
		_mainloop
		_main
 This function uses a non-reentrant model


 *************** function _getTime *****************
 Defined at:
		line 88 in file "modules.c"
 Parameters:    Size  Location     Type
		None
 Auto vars:     Size  Location     Type
  time            2    2[BANK0 ] int 
 Return value:  Size  Location     Type
                  2    0[BANK0 ] int 
 Registers used:
		wreg, status,2
 Tracked objects:
		On entry : 
		On exit  : 
		Unchanged: 
 Data sizes:     COMRAM   BANK0   BANK1   BANK2   BANK3   BANK4   BANK5   BANK6   BANK7   BANK8   BANK9  BANK10  BANK11  BANK12  BANK13  BANK14  BANK15
      Params:         0       2       0       0       0       0       0       0       0       0       0       0       0       0       0       0       0
      Locals:         0       2       0       0       0       0       0       0       0       0       0       0       0       0       0       0       0
      Temps:          0       0       0       0       0       0       0       0       0       0       0       0       0       0       0       0       0
      Totals:         0       4       0       0       0       0       0       0       0       0       0       0       0       0       0       0       0
Total ram usage:        4 bytes
 Hardware stack levels used:    1
 Hardware stack levels required when called:    6
 This function calls:
		Nothing
 This function is called by:
		_mainloop
 This function uses a non-reentrant model


 *************** function _checkC9V *****************
 Defined at:
		line 137 in file "modules.c"
 Parameters:    Size  Location     Type
		None
 Auto vars:     Size  Location     Type
  charged9        2    9[BANK0 ] int 
  chargedC        2    7[BANK0 ] int 
 Return value:  Size  Location     Type
                  2    5[BANK0 ] int 
 Registers used:
		wreg, status,2, status,0, cstack
 Tracked objects:
		On entry : 
		On exit  : 
		Unchanged: 
 Data sizes:     COMRAM   BANK0   BANK1   BANK2   BANK3   BANK4   BANK5   BANK6   BANK7   BANK8   BANK9  BANK10  BANK11  BANK12  BANK13  BANK14  BANK15
      Params:         0       2       0       0       0       0       0       0       0       0       0       0       0       0       0       0       0
      Locals:         0       4       0       0       0       0       0       0       0       0       0       0       0       0       0       0       0
      Temps:          0       0       0       0       0       0       0       0       0       0       0       0       0       0       0       0       0
      Totals:         0       6       0       0       0       0       0       0       0       0       0       0       0       0       0       0       0
Total ram usage:        6 bytes
 Hardware stack levels used:    1
 Hardware stack levels required when called:    7
 This function calls:
		_AD
 This function is called by:
		_mainloop
 This function uses a non-reentrant model


 *************** function _checkAA *****************
 Defined at:
		line 133 in file "modules.c"
 Parameters:    Size  Location     Type
		None
 Auto vars:     Size  Location     Type
		None
 Return value:  Size  Location     Type
                  2    5[BANK0 ] int 
 Registers used:
		wreg, status,2, status,0, cstack
 Tracked objects:
		On entry : 
		On exit  : 
		Unchanged: 
 Data sizes:     COMRAM   BANK0   BANK1   BANK2   BANK3   BANK4   BANK5   BANK6   BANK7   BANK8   BANK9  BANK10  BANK11  BANK12  BANK13  BANK14  BANK15
      Params:         0       2       0       0       0       0       0       0       0       0       0       0       0       0       0       0       0
      Locals:         0       0       0       0       0       0       0       0       0       0       0       0       0       0       0       0       0
      Temps:          0       0       0       0       0       0       0       0       0       0       0       0       0       0       0       0       0
      Totals:         0       2       0       0       0       0       0       0       0       0       0       0       0       0       0       0       0
Total ram usage:        2 bytes
 Hardware stack levels used:    1
 Hardware stack levels required when called:    7
 This function calls:
		_AD
 This function is called by:
		_mainloop
 This function uses a non-reentrant model


 *************** function _AD *****************
 Defined at:
		line 7 in file "modules.c"
 Parameters:    Size  Location     Type
  channel         1    wreg     unsigned char 
 Auto vars:     Size  Location     Type
  channel         1    4[BANK0 ] unsigned char 
 Return value:  Size  Location     Type
                  2    0[BANK0 ] int 
 Registers used:
		wreg, status,2, status,0, cstack
 Tracked objects:
		On entry : 
		On exit  : 
		Unchanged: 
 Data sizes:     COMRAM   BANK0   BANK1   BANK2   BANK3   BANK4   BANK5   BANK6   BANK7   BANK8   BANK9  BANK10  BANK11  BANK12  BANK13  BANK14  BANK15
      Params:         0       2       0       0       0       0       0       0       0       0       0       0       0       0       0       0       0
      Locals:         0       1       0       0       0       0       0       0       0       0       0       0       0       0       0       0       0
      Temps:          0       2       0       0       0       0       0       0       0       0       0       0       0       0       0       0       0
      Totals:         0       5       0       0       0       0       0       0       0       0       0       0       0       0       0       0       0
Total ram usage:        5 bytes
 Hardware stack levels used:    1
 Hardware stack levels required when called:    6
 This function calls:
		Nothing
 This function is called by:
		_checkAA
		_checkC9V
 This function uses a non-reentrant model


 *************** function _initialize *****************
 Defined at:
		line 19 in file "main.c"
 Parameters:    Size  Location     Type
		None
 Auto vars:     Size  Location     Type
		None
 Return value:  Size  Location     Type
                  1    wreg      void 
 Registers used:
		wreg, status,2, status,0, cstack
 Tracked objects:
		On entry : 
		On exit  : 
		Unchanged: 
 Data sizes:     COMRAM   BANK0   BANK1   BANK2   BANK3   BANK4   BANK5   BANK6   BANK7   BANK8   BANK9  BANK10  BANK11  BANK12  BANK13  BANK14  BANK15
      Params:         0       0       0       0       0       0       0       0       0       0       0       0       0       0       0       0       0
      Locals:         0       0       0       0       0       0       0       0       0       0       0       0       0       0       0       0       0
      Temps:          0       0       0       0       0       0       0       0       0       0       0       0       0       0       0       0       0
      Totals:         0       0       0       0       0       0       0       0       0       0       0       0       0       0       0       0       0
Total ram usage:        0 bytes
 Hardware stack levels used:    1
 Hardware stack levels required when called:    9
 This function calls:
		_initLCD
 This function is called by:
		_main
 This function uses a non-reentrant model


 *************** function _initLCD *****************
 Defined at:
		line 15 in file "lcd.c"
 Parameters:    Size  Location     Type
		None
 Auto vars:     Size  Location     Type
		None
 Return value:  Size  Location     Type
                  1    wreg      void 
 Registers used:
		wreg, status,2, status,0, cstack
 Tracked objects:
		On entry : 
		On exit  : 
		Unchanged: 
 Data sizes:     COMRAM   BANK0   BANK1   BANK2   BANK3   BANK4   BANK5   BANK6   BANK7   BANK8   BANK9  BANK10  BANK11  BANK12  BANK13  BANK14  BANK15
      Params:         0       0       0       0       0       0       0       0       0       0       0       0       0       0       0       0       0
      Locals:         0       0       0       0       0       0       0       0       0       0       0       0       0       0       0       0       0
      Temps:          0       1       0       0       0       0       0       0       0       0       0       0       0       0       0       0       0
      Totals:         0       1       0       0       0       0       0       0       0       0       0       0       0       0       0       0       0
Total ram usage:        1 bytes
 Hardware stack levels used:    1
 Hardware stack levels required when called:    8
 This function calls:
		_lcdInst
 This function is called by:
		_initialize
 This function uses a non-reentrant model


 *************** function _lcdInst *****************
 Defined at:
		line 26 in file "lcd.c"
 Parameters:    Size  Location     Type
  data            1    wreg     unsigned char 
 Auto vars:     Size  Location     Type
  data            1    2[BANK0 ] unsigned char 
 Return value:  Size  Location     Type
                  1    wreg      void 
 Registers used:
		wreg, status,2, status,0, cstack
 Tracked objects:
		On entry : 
		On exit  : 
		Unchanged: 
 Data sizes:     COMRAM   BANK0   BANK1   BANK2   BANK3   BANK4   BANK5   BANK6   BANK7   BANK8   BANK9  BANK10  BANK11  BANK12  BANK13  BANK14  BANK15
      Params:         0       0       0       0       0       0       0       0       0       0       0       0       0       0       0       0       0
      Locals:         0       1       0       0       0       0       0       0       0       0       0       0       0       0       0       0       0
      Temps:          0       0       0       0       0       0       0       0       0       0       0       0       0       0       0       0       0
      Totals:         0       1       0       0       0       0       0       0       0       0       0       0       0       0       0       0       0
Total ram usage:        1 bytes
 Hardware stack levels used:    1
 Hardware stack levels required when called:    7
 This function calls:
		_lcdNibble
 This function is called by:
		_initLCD
 This function uses a non-reentrant model


 *************** function _lcdNibble *****************
 Defined at:
		line 36 in file "lcd.c"
 Parameters:    Size  Location     Type
  data            1    wreg     unsigned char 
 Auto vars:     Size  Location     Type
  data            1    1[BANK0 ] unsigned char 
  temp            1    0[BANK0 ] unsigned char 
 Return value:  Size  Location     Type
                  1    wreg      void 
 Registers used:
		wreg, status,2, status,0
 Tracked objects:
		On entry : 
		On exit  : 
		Unchanged: 
 Data sizes:     COMRAM   BANK0   BANK1   BANK2   BANK3   BANK4   BANK5   BANK6   BANK7   BANK8   BANK9  BANK10  BANK11  BANK12  BANK13  BANK14  BANK15
      Params:         0       0       0       0       0       0       0       0       0       0       0       0       0       0       0       0       0
      Locals:         0       2       0       0       0       0       0       0       0       0       0       0       0       0       0       0       0
      Temps:          0       0       0       0       0       0       0       0       0       0       0       0       0       0       0       0       0
      Totals:         0       2       0       0       0       0       0       0       0       0       0       0       0       0       0       0       0
Total ram usage:        2 bytes
 Hardware stack levels used:    1
 Hardware stack levels required when called:    6
 This function calls:
		Nothing
 This function is called by:
		_lcdInst
		_putch
 This function uses a non-reentrant model


 *************** function _captureKeypad *****************
 Defined at:
		line 27 in file "modules.c"
 Parameters:    Size  Location     Type
		None
 Auto vars:     Size  Location     Type
  keypress        1    2[BANK0 ] unsigned char 
 Return value:  Size  Location     Type
                  2    0[BANK0 ] int 
 Registers used:
		wreg, status,2, status,0
 Tracked objects:
		On entry : 
		On exit  : 
		Unchanged: 
 Data sizes:     COMRAM   BANK0   BANK1   BANK2   BANK3   BANK4   BANK5   BANK6   BANK7   BANK8   BANK9  BANK10  BANK11  BANK12  BANK13  BANK14  BANK15
      Params:         0       2       0       0       0       0       0       0       0       0       0       0       0       0       0       0       0
      Locals:         0       1       0       0       0       0       0       0       0       0       0       0       0       0       0       0       0
      Temps:          0       0       0       0       0       0       0       0       0       0       0       0       0       0       0       0       0
      Totals:         0       3       0       0       0       0       0       0       0       0       0       0       0       0       0       0       0
Total ram usage:        3 bytes
 Hardware stack levels used:    1
 Hardware stack levels required when called:    6
 This function calls:
		Nothing
 This function is called by:
		_main
		_showInfo
 This function uses a non-reentrant model


 *************** function _keypressed *****************
 Defined at:
		line 35 in file "modules.c"
 Parameters:    Size  Location     Type
		None
 Auto vars:     Size  Location     Type
  keypress        1   87[COMRAM] unsigned char 
 Return value:  Size  Location     Type
                  1    wreg      void 
 Registers used:
		wreg, fsr0l, fsr0h, fsr1l, fsr1h, fsr2l, fsr2h, status,2, status,0, tblptrl, tblptrh, tblptru, prodl, prodh, cstack
 Tracked objects:
		On entry : 
		On exit  : 
		Unchanged: 
 Data sizes:     COMRAM   BANK0   BANK1   BANK2   BANK3   BANK4   BANK5   BANK6   BANK7   BANK8   BANK9  BANK10  BANK11  BANK12  BANK13  BANK14  BANK15
      Params:         0       0       0       0       0       0       0       0       0       0       0       0       0       0       0       0       0
      Locals:         1       0       0       0       0       0       0       0       0       0       0       0       0       0       0       0       0
      Temps:         14       0       0       0       0       0       0       0       0       0       0       0       0       0       0       0       0
      Totals:        15       0       0       0       0       0       0       0       0       0       0       0       0       0       0       0       0
Total ram usage:       15 bytes
 Hardware stack levels used:    1
 Hardware stack levels required when called:    5
 This function calls:
		i2_stopMoving
 This function is called by:
		Interrupt level 2
 This function uses a non-reentrant model


 *************** function i2_stopMoving *****************
 Defined at:
		line 126 in file "modules.c"
 Parameters:    Size  Location     Type
		None
 Auto vars:     Size  Location     Type
		None
 Return value:  Size  Location     Type
                  1    wreg      void 
 Registers used:
		wreg, fsr0l, fsr0h, fsr1l, fsr1h, fsr2l, fsr2h, status,2, status,0, tblptrl, tblptrh, tblptru, prodl, prodh, cstack
 Tracked objects:
		On entry : 
		On exit  : 
		Unchanged: 
 Data sizes:     COMRAM   BANK0   BANK1   BANK2   BANK3   BANK4   BANK5   BANK6   BANK7   BANK8   BANK9  BANK10  BANK11  BANK12  BANK13  BANK14  BANK15
      Params:         0       0       0       0       0       0       0       0       0       0       0       0       0       0       0       0       0
      Locals:         0       0       0       0       0       0       0       0       0       0       0       0       0       0       0       0       0
      Temps:          0       0       0       0       0       0       0       0       0       0       0       0       0       0       0       0       0
      Totals:         0       0       0       0       0       0       0       0       0       0       0       0       0       0       0       0       0
Total ram usage:        0 bytes
 Hardware stack levels used:    1
 Hardware stack levels required when called:    4
 This function calls:
		i2_println
 This function is called by:
		_keypressed
 This function uses a non-reentrant model


 *************** function i2_println *****************
 Defined at:
		line 18 in file "modules.c"
 Parameters:    Size  Location     Type
  data            2   26[COMRAM] PTR unsigned char 
		 -> STR_20(10), STR_18(11), STR_16(11), STR_14(10), 
		 -> STR_12(11), STR_10(14), STR_8(14), STR_7(14), 
		 -> STR_6(15), STR_5(2), STR_4(17), STR_2(9), 
		 -> STR_1(11), 
 Auto vars:     Size  Location     Type
  println        41   30[COMRAM] unsigned char [41]
  println         2   71[COMRAM] int 
 Return value:  Size  Location     Type
                  1    wreg      void 
 Registers used:
		wreg, fsr0l, fsr0h, fsr1l, fsr1h, fsr2l, fsr2h, status,2, status,0, tblptrl, tblptrh, tblptru, prodl, prodh, cstack
 Tracked objects:
		On entry : 
		On exit  : 
		Unchanged: 
 Data sizes:     COMRAM   BANK0   BANK1   BANK2   BANK3   BANK4   BANK5   BANK6   BANK7   BANK8   BANK9  BANK10  BANK11  BANK12  BANK13  BANK14  BANK15
      Params:         2       0       0       0       0       0       0       0       0       0       0       0       0       0       0       0       0
      Locals:        43       0       0       0       0       0       0       0       0       0       0       0       0       0       0       0       0
      Temps:          2       0       0       0       0       0       0       0       0       0       0       0       0       0       0       0       0
      Totals:        47       0       0       0       0       0       0       0       0       0       0       0       0       0       0       0       0
Total ram usage:       47 bytes
 Hardware stack levels used:    1
 Hardware stack levels required when called:    3
 This function calls:
		i2_printf
 This function is called by:
		i2_stopMoving
 This function uses a non-reentrant model


 *************** function i2_printf *****************
 Defined at:
		line 464 in file "C:\Program Files (x86)\Microchip\xc8\v1.41\sources\common\doprnt.c"
 Parameters:    Size  Location     Type
  f               2   12[COMRAM] PTR const unsigned char 
		 -> STR_19(3), STR_17(3), STR_15(3), STR_13(3), 
		 -> STR_11(13), STR_9(11), STR_3(3), 
 Auto vars:     Size  Location     Type
  printf          4    0        struct .
  printf          2   23[COMRAM] unsigned int 
  printf          2   21[COMRAM] PTR const unsigned char 
		 -> STR_21(7), println@output(41), 
  printf          2   19[COMRAM] PTR void [1]
		 -> ?i2_printf(2), ?_printf(2), 
  printf          2    0        unsigned int 
  printf          1   25[COMRAM] char 
  printf          1   18[COMRAM] char 
  printf          1   17[COMRAM] unsigned char 
 Return value:  Size  Location     Type
                  2   12[COMRAM] int 
 Registers used:
		wreg, fsr0l, fsr0h, fsr2l, fsr2h, status,2, status,0, tblptrl, tblptrh, tblptru, prodl, prodh, cstack
 Tracked objects:
		On entry : 
		On exit  : 
		Unchanged: 
 Data sizes:     COMRAM   BANK0   BANK1   BANK2   BANK3   BANK4   BANK5   BANK6   BANK7   BANK8   BANK9  BANK10  BANK11  BANK12  BANK13  BANK14  BANK15
      Params:         4       0       0       0       0       0       0       0       0       0       0       0       0       0       0       0       0
      Locals:         9       0       0       0       0       0       0       0       0       0       0       0       0       0       0       0       0
      Temps:          1       0       0       0       0       0       0       0       0       0       0       0       0       0       0       0       0
      Totals:        14       0       0       0       0       0       0       0       0       0       0       0       0       0       0       0       0
Total ram usage:       14 bytes
 Hardware stack levels used:    1
 Hardware stack levels required when called:    2
 This function calls:
		i2___lwdiv
		i2___lwmod
		i2_putch
 This function is called by:
		i2_println
 This function uses a non-reentrant model


 *************** function i2_putch *****************
 Defined at:
		line 31 in file "lcd.c"
 Parameters:    Size  Location     Type
  data            1    wreg     unsigned char 
 Auto vars:     Size  Location     Type
  data            1    2[COMRAM] unsigned char 
 Return value:  Size  Location     Type
                  1    wreg      void 
 Registers used:
		wreg, status,2, status,0, cstack
 Tracked objects:
		On entry : 
		On exit  : 
		Unchanged: 
 Data sizes:     COMRAM   BANK0   BANK1   BANK2   BANK3   BANK4   BANK5   BANK6   BANK7   BANK8   BANK9  BANK10  BANK11  BANK12  BANK13  BANK14  BANK15
      Params:         0       0       0       0       0       0       0       0       0       0       0       0       0       0       0       0       0
      Locals:         1       0       0       0       0       0       0       0       0       0       0       0       0       0       0       0       0
      Temps:          0       0       0       0       0       0       0       0       0       0       0       0       0       0       0       0       0
      Totals:         1       0       0       0       0       0       0       0       0       0       0       0       0       0       0       0       0
Total ram usage:        1 bytes
 Hardware stack levels used:    1
 Hardware stack levels required when called:    1
 This function calls:
		i2_lcdNibble
 This function is called by:
		i2_printf
 This function uses a non-reentrant model


 *************** function i2_lcdNibble *****************
 Defined at:
		line 36 in file "lcd.c"
 Parameters:    Size  Location     Type
  data            1    wreg     unsigned char 
 Auto vars:     Size  Location     Type
  data            1    1[COMRAM] unsigned char 
  lcdNibble       1    0[COMRAM] unsigned char 
 Return value:  Size  Location     Type
                  1    wreg      void 
 Registers used:
		wreg, status,2, status,0
 Tracked objects:
		On entry : 
		On exit  : 
		Unchanged: 
 Data sizes:     COMRAM   BANK0   BANK1   BANK2   BANK3   BANK4   BANK5   BANK6   BANK7   BANK8   BANK9  BANK10  BANK11  BANK12  BANK13  BANK14  BANK15
      Params:         0       0       0       0       0       0       0       0       0       0       0       0       0       0       0       0       0
      Locals:         2       0       0       0       0       0       0       0       0       0       0       0       0       0       0       0       0
      Temps:          0       0       0       0       0       0       0       0       0       0       0       0       0       0       0       0       0
      Totals:         2       0       0       0       0       0       0       0       0       0       0       0       0       0       0       0       0
Total ram usage:        2 bytes
 Hardware stack levels used:    1
 This function calls:
		Nothing
 This function is called by:
		i2_putch
 This function uses a non-reentrant model


 *************** function i2___lwmod *****************
 Defined at:
		line 8 in file "C:\Program Files (x86)\Microchip\xc8\v1.41\sources\common\lwmod.c"
 Parameters:    Size  Location     Type
  dividend        2    7[COMRAM] unsigned int 
  divisor         2    9[COMRAM] unsigned int 
 Auto vars:     Size  Location     Type
  __lwmod         1   11[COMRAM] unsigned char 
 Return value:  Size  Location     Type
                  2    7[COMRAM] unsigned int 
 Registers used:
		wreg, status,2, status,0
 Tracked objects:
		On entry : 
		On exit  : 
		Unchanged: 
 Data sizes:     COMRAM   BANK0   BANK1   BANK2   BANK3   BANK4   BANK5   BANK6   BANK7   BANK8   BANK9  BANK10  BANK11  BANK12  BANK13  BANK14  BANK15
      Params:         4       0       0       0       0       0       0       0       0       0       0       0       0       0       0       0       0
      Locals:         1       0       0       0       0       0       0       0       0       0       0       0       0       0       0       0       0
      Temps:          0       0       0       0       0       0       0       0       0       0       0       0       0       0       0       0       0
      Totals:         5       0       0       0       0       0       0       0       0       0       0       0       0       0       0       0       0
Total ram usage:        5 bytes
 Hardware stack levels used:    1
 This function calls:
		Nothing
 This function is called by:
		i2_printf
 This function uses a non-reentrant model


 *************** function i2___lwdiv *****************
 Defined at:
		line 8 in file "C:\Program Files (x86)\Microchip\xc8\v1.41\sources\common\lwdiv.c"
 Parameters:    Size  Location     Type
  dividend        2    0[COMRAM] unsigned int 
  divisor         2    2[COMRAM] unsigned int 
 Auto vars:     Size  Location     Type
  __lwdiv         2    4[COMRAM] unsigned int 
  __lwdiv         1    6[COMRAM] unsigned char 
 Return value:  Size  Location     Type
                  2    0[COMRAM] unsigned int 
 Registers used:
		wreg, status,2, status,0
 Tracked objects:
		On entry : 
		On exit  : 
		Unchanged: 
 Data sizes:     COMRAM   BANK0   BANK1   BANK2   BANK3   BANK4   BANK5   BANK6   BANK7   BANK8   BANK9  BANK10  BANK11  BANK12  BANK13  BANK14  BANK15
      Params:         4       0       0       0       0       0       0       0       0       0       0       0       0       0       0       0       0
      Locals:         3       0       0       0       0       0       0       0       0       0       0       0       0       0       0       0       0
      Temps:          0       0       0       0       0       0       0       0       0       0       0       0       0       0       0       0       0
      Totals:         7       0       0       0       0       0       0       0       0       0       0       0       0       0       0       0       0
Total ram usage:        7 bytes
 Hardware stack levels used:    1
 This function calls:
		Nothing
 This function is called by:
		i2_printf
 This function uses a non-reentrant model



MODULE INFORMATION

Module		Function		Class		Link	Load	Size
C:\Program Files (x86)\Microchip\xc8\v1.41\sources\common\lwdiv.c
		___lwdiv       		CODE           	1C06	0000	121

C:\Program Files (x86)\Microchip\xc8\v1.41\sources\common\lwdiv.c estimated size: 121

C:\Program Files (x86)\Microchip\xc8\v1.41\sources\common\doprnt.c
		_printf        		CODE           	1330	0000	505

C:\Program Files (x86)\Microchip\xc8\v1.41\sources\common\doprnt.c estimated size: 505

modules.c
		_moveSmallNose 		CODE           	1B0E	0000	125
		_showInfo      		CODE           	10C6	0000	619
		_AD            		CODE           	1E46	0000	79
		_moveXMotors   		CODE           	2046	0000	3
		_println       		CODE           	18D2	0000	167
		_getTime       		CODE           	1FE6	0000	21
		_checkAA       		CODE           	200A	0000	17
		_keypressed    		CODE           	0008	0000	143
		_moveBigNose   		CODE           	1B8A	0000	125
		_stopMoving    		CODE           	1FD2	0000	21
		_checkC9V      		CODE           	1D48	0000	87
		_captureKeypad 		CODE           	1FB4	0000	31

modules.c estimated size: 1438

shared
		i2_printf      		CODE           	171C	0000	439
		i2_println     		CODE           	1A90	0000	127
		i2_putch       		CODE           	203A	0000	13
		i2_lcdNibble   		CODE           	1D9E	0000	87
		_dpowers       		SMALLCONST     	1001	0000	11
		i2___lwdiv     		CODE           	1DF4	0000	83
		i2_stopMoving  		CODE           	202A	0000	17
		i2___lwmod     		CODE           	1EDA	0000	67
		__initialization		CODE           	1F54	0000	45

shared estimated size: 889

C:\Program Files (x86)\Microchip\xc8\v1.41\sources\common\lwmod.c
		___lwmod       		CODE           	1CE6	0000	99

C:\Program Files (x86)\Microchip\xc8\v1.41\sources\common\lwmod.c estimated size: 99

lcd.c
		_putch         		CODE           	1FFA	0000	17
		_lcdInst       		CODE           	201A	0000	17
		_lcdNibble     		CODE           	1C7E	0000	105
		_initLCD       		CODE           	1E94	0000	71

lcd.c estimated size: 210

main.c
		_main          		CODE           	1978	0000	145
		_mainloop      		CODE           	1528	0000	501
		_initialize    		CODE           	1F1C	0000	57

main.c estimated size: 703

