Microchip MPLAB XC8 Compiler V1.41 ()

Linker command line:

-W-3 --edf=C:\Program Files (x86)\Microchip\xc8\v1.41\dat\en_msgs.txt -cs \
  -h+dist/default/production\BatterySortRobot.production.sym \
  --cmf=dist/default/production\BatterySortRobot.production.cmf -z \
  -Q18F4620 -oC:\Users\slk49\AppData\Local\Temp\s4ok.2 \
  -Mdist/default/production/BatterySortRobot.production.map -E1 -ver=XC8 \
  -ASTACK=0E4h-0f7fh -pstack=STACK -ACODE=00h-0FFFFh -ACONST=00h-0FFFFh \
  -ASMALLCONST=01000h-010FFhx240 -AMEDIUMCONST=01000h-0FFFFh \
  -ACOMRAM=01h-07Fh -AABS1=00h-0F7Fh -ABIGRAM=01h-0F7Fh \
  -ARAM=080h-0FFh,0100h-01FFhx14,0F00h-0F7Fh -ABANK0=080h-0FFh \
  -ABANK1=0100h-01FFh -ABANK2=0200h-02FFh -ABANK3=0300h-03FFh \
  -ABANK4=0400h-04FFh -ABANK5=0500h-05FFh -ABANK6=0600h-06FFh \
  -ABANK7=0700h-07FFh -ABANK8=0800h-08FFh -ABANK9=0900h-09FFh \
  -ABANK10=0A00h-0AFFh -ABANK11=0B00h-0BFFh -ABANK12=0C00h-0CFFh \
  -ABANK13=0D00h-0DFFh -ABANK14=0E00h-0EFFh -ABANK15=0F00h-0F7Fh \
  -ASFR=0F80h-0FFFh -preset_vec=00h,intcode=08h,intcodelo,powerup,init \
  -pramtop=01000h -psmallconst=SMALLCONST -pmediumconst=MEDIUMCONST \
  -pconst=CONST -AFARRAM=00h-00h -ACONFIG=0300000h-030000Dh -pconfig=CONFIG \
  -AIDLOC=0200000h-0200007h -pidloc=IDLOC -AEEDATA=0F00000h-0F003FFh \
  -peeprom_data=EEDATA \
  -prdata=COMRAM,nvrram=COMRAM,nvbit=COMRAM,rbss=COMRAM,rbit=COMRAM \
  -pfarbss=FARRAM,fardata=FARRAM,nvFARRAM=FARRAM \
  -pintsave_regs=BIGRAM,bigbss=BIGRAM,bigdata=BIGRAM -pbss=RAM \
  -pidata=CODE,irdata=CODE,ibigdata=CODE,ifardata=CODE -prparam=COMRAM \
  C:\Users\slk49\AppData\Local\Temp\s4ok.obj \
  dist/default/production\BatterySortRobot.production.obj 

Object code version is 3.11

Machine type is 18F4620

Call graph: (short form)




                Name                               Link     Load   Length Selector   Space Scale
C:\Users\slk49\AppData\Local\Temp\s4ok.obj
                init                                  E        E        4        4       0
                reset_vec                             0        0        4        0       0
                idloc                            200000   200000        8   200000       0
                config                           300000   300000        E   300000       0
dist/default/production\BatterySortRobot.production.obj
                intcode                               8        8        6        4       0
                temp                                 7D       7D        1        1       1
                mediumconst                        FDC0     FDC0      240     7EE0       0
                text64                             260A     260A       1C        4       0
                text63                             263E     263E       16        4       0
                text62                             1442     1442      132        4       0
                text61                             25EC     25EC       1E        4       0
                text60                             219E     219E       56        4       0
                text59                             26A6     26A6        C        4       0
                text58                             21F4     21F4       52        4       0
                text57                             2368     2368       42        4       0
                text56                             2546     2546       26        4       0
                text55                             25CE     25CE       1E        4       0
                text54                             269A     269A        C        4       0
                text53                              8FC      8FC      39A        4       0
                text52                              F2A      F2A      228        4       0
                text51                             184A     184A       DC        4       0
                text50                             1D48     1D48       84        4       0
                text49                             1668     1668       F2        4       0
                text48                             1CBE     1CBE       8A        4       0
                text47                             1C34     1C34       8A        4       0
                text46                             2520     2520       26        4       0
                text45                             12E0     12E0      162        4       0
                text44                             25AE     25AE       20        4       0
                text43                             258E     258E       20        4       0
                text42                             23E2     23E2       38        4       0
                text41                             1152     1152      18E        4       0
                text40                             2294     2294       48        4       0
                text39                             24A8     24A8       2A        4       0
                text38                             19E2     19E2       AE        4       0
                text37                             23AA     23AA       38        4       0
                text36                             1A90     1A90       90        4       0
                text35                             1574     1574       F4        4       0
                text34                             175A     175A       F0        4       0
                text33                             24D2     24D2       28        4       0
                text32                             1F30     1F30       76        4       0
                text31                             1FA6     1FA6       72        4       0
                text30                             1EBA     1EBA       76        4       0
                text29                             2668     2668       12        4       0
                text28                             24FA     24FA       26        4       0
                text27                             26E8     26E8        8        4       0
                text26                             26E0     26E0        8        4       0
                text25                             26C6     26C6        A        4       0
                text24                             1E44     1E44       76        4       0
                text23                               12       12      480        4       0
                intcode_body                        C96      C96      294        4       0
                text21                             1926     1926       BC        4       0
                text20                             20E2     20E2       60        4       0
                text19                             2018     2018       68        4       0
                text18                             268A     268A       10        4       0
                text17                             2322     2322       46        4       0
                text16                             2626     2626       18        4       0
                text15                             256C     256C       22        4       0
                text14                             2142     2142       5C        4       0
                text13                             2654     2654       14        4       0
                text12                             2450     2450       2E        4       0
                text11                             26D8     26D8        8        4       0
                text10                             26D0     26D0        8        4       0
                text9                              26BC     26BC        A        4       0
                text8                              1BAA     1BAA       8A        4       0
                text7                              1DCC     1DCC       78        4       0
                text6                              2080     2080       62        4       0
                text5                              241A     241A       36        4       0
                text4                              247E     247E       2A        4       0
                text3                              267A     267A       10        4       0
                text2                               492      492      46A        4       0
                text1                              1B20     1B20       8A        4       0
                text0                              2246     2246       4E        4       0
                cstackCOMRAM                          1        1       76        1       1
                cstackBANK0                          B0       B0       2A       80       1
                dataBANK0                            DA       DA        A       80       1
                bssBANK0                             80       80       30       80       1
                bssCOMRAM                            77       77        6        1       1
                cinit                              22DC     22DC       46        4       0
                idataBANK0                         26B2     26B2        A        4       0

TOTAL           Name                               Link     Load   Length     Space
        CLASS   STACK          

        CLASS   CODE           
                intcode                               8        8        6         0
                init                                  E        E        4         0
                reset_vec                             0        0        4         0
                text64                             260A     260A       1C         0
                text63                             263E     263E       16         0
                text62                             1442     1442      132         0
                text61                             25EC     25EC       1E         0
                text60                             219E     219E       56         0
                text59                             26A6     26A6        C         0
                text58                             21F4     21F4       52         0
                text57                             2368     2368       42         0
                text56                             2546     2546       26         0
                text55                             25CE     25CE       1E         0
                text54                             269A     269A        C         0
                text53                              8FC      8FC      39A         0
                text52                              F2A      F2A      228         0
                text51                             184A     184A       DC         0
                text50                             1D48     1D48       84         0
                text49                             1668     1668       F2         0
                text48                             1CBE     1CBE       8A         0
                text47                             1C34     1C34       8A         0
                text46                             2520     2520       26         0
                text45                             12E0     12E0      162         0
                text44                             25AE     25AE       20         0
                text43                             258E     258E       20         0
                text42                             23E2     23E2       38         0
                text41                             1152     1152      18E         0
                text40                             2294     2294       48         0
                text39                             24A8     24A8       2A         0
                text38                             19E2     19E2       AE         0
                text37                             23AA     23AA       38         0
                text36                             1A90     1A90       90         0
                text35                             1574     1574       F4         0
                text34                             175A     175A       F0         0
                text33                             24D2     24D2       28         0
                text32                             1F30     1F30       76         0
                text31                             1FA6     1FA6       72         0
                text30                             1EBA     1EBA       76         0
                text29                             2668     2668       12         0
                text28                             24FA     24FA       26         0
                text27                             26E8     26E8        8         0
                text26                             26E0     26E0        8         0
                text25                             26C6     26C6        A         0
                text24                             1E44     1E44       76         0
                text23                               12       12      480         0
                intcode_body                        C96      C96      294         0
                text21                             1926     1926       BC         0
                text20                             20E2     20E2       60         0
                text19                             2018     2018       68         0
                text18                             268A     268A       10         0
                text17                             2322     2322       46         0
                text16                             2626     2626       18         0
                text15                             256C     256C       22         0
                text14                             2142     2142       5C         0
                text13                             2654     2654       14         0
                text12                             2450     2450       2E         0
                text11                             26D8     26D8        8         0
                text10                             26D0     26D0        8         0
                text9                              26BC     26BC        A         0
                text8                              1BAA     1BAA       8A         0
                text7                              1DCC     1DCC       78         0
                text6                              2080     2080       62         0
                text5                              241A     241A       36         0
                text4                              247E     247E       2A         0
                text3                              267A     267A       10         0
                text2                               492      492      46A         0
                text1                              1B20     1B20       8A         0
                text0                              2246     2246       4E         0
                cinit                              22DC     22DC       46         0
                idataBANK0                         26B2     26B2        A         0

        CLASS   CONST          

        CLASS   SMALLCONST     

        CLASS   MEDIUMCONST    
                mediumconst                        FDC0     FDC0      240         0

        CLASS   COMRAM         
                temp                                 7D       7D        1         1
                cstackCOMRAM                          1        1       76         1
                bssCOMRAM                            77       77        6         1

        CLASS   ABS1           

        CLASS   BIGRAM         

        CLASS   RAM            

        CLASS   BANK0          
                cstackBANK0                          B0       B0       2A         1
                dataBANK0                            DA       DA        A         1
                bssBANK0                             80       80       30         1

        CLASS   BANK1          

        CLASS   BANK2          

        CLASS   BANK3          

        CLASS   BANK4          

        CLASS   BANK5          

        CLASS   BANK6          

        CLASS   BANK7          

        CLASS   BANK8          

        CLASS   BANK9          

        CLASS   BANK10         

        CLASS   BANK11         

        CLASS   BANK12         

        CLASS   BANK13         

        CLASS   BANK14         

        CLASS   BANK15         

        CLASS   SFR            

        CLASS   FARRAM         

        CLASS   CONFIG         
                config                           300000   300000        E         0

        CLASS   IDLOC          
                idloc                            200000   200000        8         0

        CLASS   EEDATA         



SEGMENTS        Name                           Load    Length   Top    Selector   Space  Class

                reset_vec                      000000  000004  000004         0       0  CODE    
                cstackCOMRAM                   000001  00007D  00007E         1       1  COMRAM  
                intcode                        000008  0026E8  0026F0         4       0  CODE    
                bssBANK0                       000080  000064  0000E4        80       1  BANK0   
                mediumconst                    00FDC0  000240  010000      7EE0       0  MEDIUMCO
                idloc                          200000  000008  200008    200000       0  IDLOC   
                config                         300000  00000E  30000E    300000       0  CONFIG  


UNUSED ADDRESS RANGES

        Name                Unused          Largest block    Delta
        BANK0            0000E4-0000FF               1C
        BANK1            000100-0001FF              100
        BANK10           000A00-000AFF              100
        BANK11           000B00-000BFF              100
        BANK12           000C00-000CFF              100
        BANK13           000D00-000DFF              100
        BANK14           000E00-000EFF              100
        BANK15           000F00-000F7F               80
        BANK2            000200-0002FF              100
        BANK3            000300-0003FF              100
        BANK4            000400-0004FF              100
        BANK5            000500-0005FF              100
        BANK6            000600-0006FF              100
        BANK7            000700-0007FF              100
        BANK8            000800-0008FF              100
        BANK9            000900-0009FF              100
        BIGRAM           00007E-00007F                2
                         0000E4-000F7F              E9C
        CODE             000004-000007                4
                         0026F0-00FDBF             D6D0
        COMRAM           00007E-00007F                2
        CONST            000004-000007                4
                         0026F0-00FDBF             D6D0
        EEDATA           F00000-F003FF              400
        MEDIUMCONST      0026F0-00FDBF             D6D0
        RAM              0000E4-000F7F              100
        SFR              000F80-000FFF               80
        SMALLCONST       0026F0-00FDBF              100
        STACK            0000E4-000F7F              E9C

                                  Symbol Table

?_AD                         cstackCOMRAM 000001
?_HexDecToDec2               cstackCOMRAM 000007
?___awdiv                    cstackCOMRAM 000001
?___awtoft                   cstackCOMRAM 000009
?___ftmul                    cstackCOMRAM 00000D
?___ftpack                   cstackCOMRAM 000001
?___lldiv                    cstackBANK0  0000B0
?___lwdiv                    cstackBANK0  0000B0
?___lwmod                    cstackBANK0  0000B7
?___wmul                     cstackBANK0  0000B0
?_captureKeypad              cstackCOMRAM 000001
?_check9                     cstackCOMRAM 00002E
?_checkAA                    cstackCOMRAM 00002E
?_checkC                     cstackCOMRAM 00002E
?_checkV                     cstackCOMRAM 000025
?_printf                     cstackBANK0  0000BC
?i2___lwdiv                  cstackCOMRAM 000001
?i2___lwmod                  cstackCOMRAM 000008
?i2___wmul                   cstackCOMRAM 000001
?i2_printf                   cstackCOMRAM 00000D
AD@channel                   cstackCOMRAM 000005
CCW90@port                   cstackCOMRAM 000016
CW90@port                    cstackCOMRAM 000016
HexDecToDec2@digit           cstackCOMRAM 00000E
HexDecToDec2@hex             cstackCOMRAM 000007
HexDecToDec2@tenth           cstackCOMRAM 00000C
I2C_Master_Init@c            cstackBANK0  0000BD
I2C_Master_Read@a            cstackBANK0  0000B1
I2C_Master_Read@temp         cstackBANK0  0000B2
I2C_Master_Write@d           cstackBANK0  0000B1
PWMC@countdown               cstackCOMRAM 000014
PWMC@cycles                  cstackCOMRAM 00000B
PWMC@port                    cstackCOMRAM 00000D
PWMC@widthus                 cstackCOMRAM 000009
PermLog@F3082                bssBANK0     000098
PermLog@backruns             cstackCOMRAM 000039
PermLog@goback               cstackCOMRAM 000036
PermLog@sorted               cstackCOMRAM 000032
PermLog@time                 cstackCOMRAM 000037
ReadEE@address               cstackBANK0  0000B0
ReadRun@add                  cstackCOMRAM 00000C
ReadRun@backruns             cstackCOMRAM 00000B
ReadRun@sorted               cstackCOMRAM 000003
ReadRun@time                 cstackCOMRAM 000005
WriteEE@address              cstackCOMRAM 000001
WriteEE@data                 cstackCOMRAM 000003
WriteRun@add                 cstackCOMRAM 00000D
WriteRun@sorted              cstackCOMRAM 000007
WriteRun@time                cstackCOMRAM 000009
_ACKDT                       (abs)        007E2D
_ACKEN                       (abs)        007E2C
_AD                          text39       0024A8
_ADCON0                      (abs)        000FC2
_ADCON0bits                  (abs)        000FC2
_ADCON1                      (abs)        000FC1
_ADFM                        (abs)        007E07
_ADON                        (abs)        007E10
_ADRESH                      (abs)        000FC4
_ADRESL                      (abs)        000FC3
_CCW90                       text48       001CBE
_CVRCON                      (abs)        000FB5
_CW90                        text47       001C34
_EEADR                       (abs)        000FA9
_EEADRH                      (abs)        000FAA
_EECON1bits                  (abs)        000FA6
_EECON2                      (abs)        000FA7
_EEDATA                      (abs)        000FA8
_HexDecToDec2                text40       002294
_I2C_Master_Init             text20       0020E2
_I2C_Master_Read             text12       002450
_I2C_Master_Start            text11       0026D8
_I2C_Master_Stop             text10       0026D0
_I2C_Master_Wait             text13       002654
_I2C_Master_Write            text9        0026BC
_INT1IE                      (abs)        007F83
_INT1IF                      (abs)        007F80
_INT2IE                      (abs)        007F84
_INT2IF                      (abs)        007F81
_INTCONbits                  (abs)        000FF2
_INTEDG2                     (abs)        007F8C
_LATA                        (abs)        000F89
_LATB                        (abs)        000F8A
_LATB2                       (abs)        007C52
_LATC                        (abs)        000F8B
_LATC0                       (abs)        007C58
_LATC1                       (abs)        007C59
_LATC2                       (abs)        007C5A
_LATC5                       (abs)        007C5D
_LATC6                       (abs)        007C5E
_LATC7                       (abs)        007C5F
_LATD                        (abs)        000F8C
_LATDbits                    (abs)        000F8C
_LATE                        (abs)        000F8D
_Latest                      bssBANK0     0000A8
_PEN                         (abs)        007E2A
_PIR2bits                    (abs)        000FA1
_PORTB                       (abs)        000F81
_PORTBbits                   (abs)        000F81
_PWMC                        text49       001668
_PWMC$1423                   cstackCOMRAM 000011
_PWMC$1424                   cstackCOMRAM 000012
_PWMC$1425                   cstackCOMRAM 000013
_PermLog                     text51       00184A
_RCEN                        (abs)        007E2B
_ReadEE                      text16       002626
_ReadRun                     text62       001442
_SEN                         (abs)        007E28
_SSPADD                      (abs)        000FC8
_SSPBUF                      (abs)        000FC9
_SSPCON1                     (abs)        000FC6
_SSPCON2                     (abs)        000FC5
_SSPSTAT                     (abs)        000FC7
_TRISA                       (abs)        000F92
_TRISB                       (abs)        000F93
_TRISC                       (abs)        000F94
_TRISC3                      (abs)        007CA3
_TRISC4                      (abs)        007CA4
_TRISD                       (abs)        000F95
_TRISE                       (abs)        000F96
_WriteEE                     text46       002520
_WriteRun                    text45       0012E0
__CFG_BOREN$SBORDIS          (abs)        000000
__CFG_BORV$3                 (abs)        000000
__CFG_CCP2MX$PORTC           (abs)        000000
__CFG_CP0$OFF                (abs)        000000
__CFG_CP1$OFF                (abs)        000000
__CFG_CP2$OFF                (abs)        000000
__CFG_CP3$OFF                (abs)        000000
__CFG_CPB$OFF                (abs)        000000
__CFG_CPD$OFF                (abs)        000000
__CFG_EBTR0$OFF              (abs)        000000
__CFG_EBTR1$OFF              (abs)        000000
__CFG_EBTR2$OFF              (abs)        000000
__CFG_EBTR3$OFF              (abs)        000000
__CFG_EBTRB$OFF              (abs)        000000
__CFG_FCMEN$OFF              (abs)        000000
__CFG_IESO$OFF               (abs)        000000
__CFG_LPT1OSC$OFF            (abs)        000000
__CFG_LVP$OFF                (abs)        000000
__CFG_MCLRE$ON               (abs)        000000
__CFG_OSC$HS                 (abs)        000000
__CFG_PBADEN$ON              (abs)        000000
__CFG_PWRT$OFF               (abs)        000000
__CFG_STVREN$ON              (abs)        000000
__CFG_WDT$OFF                (abs)        000000
__CFG_WDTPS$32768            (abs)        000000
__CFG_WRT0$OFF               (abs)        000000
__CFG_WRT1$OFF               (abs)        000000
__CFG_WRT2$OFF               (abs)        000000
__CFG_WRT3$OFF               (abs)        000000
__CFG_WRTB$OFF               (abs)        000000
__CFG_WRTC$OFF               (abs)        000000
__CFG_WRTD$OFF               (abs)        000000
__CFG_XINST$OFF              (abs)        000000
__HRAM                       (abs)        000000
__Habs1                      abs1         000000
__Hbank0                     bank0        000000
__Hbank1                     bank1        000000
__Hbank10                    bank10       000000
__Hbank11                    bank11       000000
__Hbank12                    bank12       000000
__Hbank13                    bank13       000000
__Hbank14                    bank14       000000
__Hbank15                    bank15       000000
__Hbank2                     bank2        000000
__Hbank3                     bank3        000000
__Hbank4                     bank4        000000
__Hbank5                     bank5        000000
__Hbank6                     bank6        000000
__Hbank7                     bank7        000000
__Hbank8                     bank8        000000
__Hbank9                     bank9        000000
__Hbigbss                    bigbss       000000
__Hbigdata                   bigdata      000000
__Hbigram                    bigram       000000
__Hbss                       bss          000000
__HbssBANK0                  bssBANK0     000000
__HbssCOMRAM                 bssCOMRAM    000000
__Hcinit                     cinit        000000
__Hclrtext                   clrtext      000000
__Hcomram                    comram       000000
__Hconfig                    config       30000E
__Hconst                     const        000000
__HcstackBANK0               cstackBANK0  000000
__HcstackCOMRAM              cstackCOMRAM 000000
__Hdata                      data         000000
__HdataBANK0                 dataBANK0    000000
__Heeprom_data               eeprom_data  000000
__Hfarbss                    farbss       000000
__Hfardata                   fardata      000000
__Hibigdata                  ibigdata     000000
__Hidata                     idata        000000
__HidataBANK0                idataBANK0   000000
__Hidloc                     idloc        200008
__Hifardata                  ifardata     000000
__Hinit                      init         000012
__Hintcode                   intcode      00000E
__Hintcode_body              intcode_body 000000
__Hintcodelo                 intcodelo    00000E
__Hintentry                  intentry     000000
__Hintret                    intret       000000
__Hintsave_regs              intsave_regs 000000
__Hirdata                    irdata       000000
__Hmediumconst               mediumconst  010000
__HnvFARRAM                  nvFARRAM     000000
__Hnvbit                     nvbit        000000
__Hnvrram                    nvrram       000000
__Hparam                     rparam       000000
__Hpowerup                   powerup      00000E
__Hram                       ram          000000
__Hramtop                    ramtop       001000
__Hrbit                      rbit         000000
__Hrbss                      rbss         000000
__Hrdata                     rdata        000000
__Hreset_vec                 reset_vec    000004
__Hrparam                    rparam       000000
__Hsfr                       sfr          000000
__Hsmallconst                smallconst   000000
__Hspace_0                   (abs)        30000E
__Hspace_1                   (abs)        0000E4
__Hspace_2                   (abs)        000000
__Hstack                     stack        000000
__Hstruct                    struct       000000
__Htemp                      temp         00007E
__Htext                      text         000000
__Htext0                     text0        000000
__Htext1                     text1        000000
__Htext10                    text10       000000
__Htext11                    text11       000000
__Htext12                    text12       000000
__Htext13                    text13       000000
__Htext14                    text14       000000
__Htext15                    text15       000000
__Htext16                    text16       000000
__Htext17                    text17       000000
__Htext18                    text18       000000
__Htext19                    text19       000000
__Htext2                     text2        000000
__Htext20                    text20       000000
__Htext21                    text21       000000
__Htext23                    text23       000000
__Htext24                    text24       000000
__Htext25                    text25       000000
__Htext26                    text26       000000
__Htext27                    text27       000000
__Htext28                    text28       000000
__Htext29                    text29       000000
__Htext3                     text3        000000
__Htext30                    text30       000000
__Htext31                    text31       000000
__Htext32                    text32       000000
__Htext33                    text33       000000
__Htext34                    text34       000000
__Htext35                    text35       000000
__Htext36                    text36       000000
__Htext37                    text37       000000
__Htext38                    text38       000000
__Htext39                    text39       000000
__Htext4                     text4        000000
__Htext40                    text40       000000
__Htext41                    text41       000000
__Htext42                    text42       000000
__Htext43                    text43       000000
__Htext44                    text44       000000
__Htext45                    text45       000000
__Htext46                    text46       000000
__Htext47                    text47       000000
__Htext48                    text48       000000
__Htext49                    text49       000000
__Htext5                     text5        000000
__Htext50                    text50       000000
__Htext51                    text51       000000
__Htext52                    text52       000000
__Htext53                    text53       000000
__Htext54                    text54       000000
__Htext55                    text55       000000
__Htext56                    text56       000000
__Htext57                    text57       000000
__Htext58                    text58       000000
__Htext59                    text59       000000
__Htext6                     text6        000000
__Htext60                    text60       000000
__Htext61                    text61       000000
__Htext62                    text62       000000
__Htext63                    text63       000000
__Htext64                    text64       000000
__Htext7                     text7        000000
__Htext8                     text8        000000
__Htext9                     text9        000000
__LRAM                       (abs)        000001
__Labs1                      abs1         000000
__Lbank0                     bank0        000000
__Lbank1                     bank1        000000
__Lbank10                    bank10       000000
__Lbank11                    bank11       000000
__Lbank12                    bank12       000000
__Lbank13                    bank13       000000
__Lbank14                    bank14       000000
__Lbank15                    bank15       000000
__Lbank2                     bank2        000000
__Lbank3                     bank3        000000
__Lbank4                     bank4        000000
__Lbank5                     bank5        000000
__Lbank6                     bank6        000000
__Lbank7                     bank7        000000
__Lbank8                     bank8        000000
__Lbank9                     bank9        000000
__Lbigbss                    bigbss       000000
__Lbigdata                   bigdata      000000
__Lbigram                    bigram       000000
__Lbss                       bss          000000
__LbssBANK0                  bssBANK0     000000
__LbssCOMRAM                 bssCOMRAM    000000
__Lcinit                     cinit        000000
__Lclrtext                   clrtext      000000
__Lcomram                    comram       000000
__Lconfig                    config       300000
__Lconst                     const        000000
__LcstackBANK0               cstackBANK0  000000
__LcstackCOMRAM              cstackCOMRAM 000000
__Ldata                      data         000000
__LdataBANK0                 dataBANK0    000000
__Leeprom_data               eeprom_data  000000
__Lfarbss                    farbss       000000
__Lfardata                   fardata      000000
__Libigdata                  ibigdata     000000
__Lidata                     idata        000000
__LidataBANK0                idataBANK0   000000
__Lidloc                     idloc        200000
__Lifardata                  ifardata     000000
__Linit                      init         00000E
__Lintcode                   intcode      000008
__Lintcode_body              intcode_body 000000
__Lintcodelo                 intcodelo    00000E
__Lintentry                  intentry     000000
__Lintret                    intret       000000
__Lintsave_regs              intsave_regs 000000
__Lirdata                    irdata       000000
__Lmediumconst               mediumconst  00FDC0
__LnvFARRAM                  nvFARRAM     000000
__Lnvbit                     nvbit        000000
__Lnvrram                    nvrram       000000
__Lparam                     rparam       000000
__Lpowerup                   powerup      00000E
__Lram                       ram          000000
__Lramtop                    ramtop       001000
__Lrbit                      rbit         000000
__Lrbss                      rbss         000000
__Lrdata                     rdata        000000
__Lreset_vec                 reset_vec    000000
__Lrparam                    rparam       000000
__Lsfr                       sfr          000000
__Lsmallconst                smallconst   000000
__Lspace_0                   (abs)        000000
__Lspace_1                   (abs)        000000
__Lspace_2                   (abs)        000000
__Lstack                     stack        000000
__Lstruct                    struct       000000
__Ltemp                      temp         00007D
__Ltext                      text         000000
__Ltext0                     text0        000000
__Ltext1                     text1        000000
__Ltext10                    text10       000000
__Ltext11                    text11       000000
__Ltext12                    text12       000000
__Ltext13                    text13       000000
__Ltext14                    text14       000000
__Ltext15                    text15       000000
__Ltext16                    text16       000000
__Ltext17                    text17       000000
__Ltext18                    text18       000000
__Ltext19                    text19       000000
__Ltext2                     text2        000000
__Ltext20                    text20       000000
__Ltext21                    text21       000000
__Ltext23                    text23       000000
__Ltext24                    text24       000000
__Ltext25                    text25       000000
__Ltext26                    text26       000000
__Ltext27                    text27       000000
__Ltext28                    text28       000000
__Ltext29                    text29       000000
__Ltext3                     text3        000000
__Ltext30                    text30       000000
__Ltext31                    text31       000000
__Ltext32                    text32       000000
__Ltext33                    text33       000000
__Ltext34                    text34       000000
__Ltext35                    text35       000000
__Ltext36                    text36       000000
__Ltext37                    text37       000000
__Ltext38                    text38       000000
__Ltext39                    text39       000000
__Ltext4                     text4        000000
__Ltext40                    text40       000000
__Ltext41                    text41       000000
__Ltext42                    text42       000000
__Ltext43                    text43       000000
__Ltext44                    text44       000000
__Ltext45                    text45       000000
__Ltext46                    text46       000000
__Ltext47                    text47       000000
__Ltext48                    text48       000000
__Ltext49                    text49       000000
__Ltext5                     text5        000000
__Ltext50                    text50       000000
__Ltext51                    text51       000000
__Ltext52                    text52       000000
__Ltext53                    text53       000000
__Ltext54                    text54       000000
__Ltext55                    text55       000000
__Ltext56                    text56       000000
__Ltext57                    text57       000000
__Ltext58                    text58       000000
__Ltext59                    text59       000000
__Ltext6                     text6        000000
__Ltext60                    text60       000000
__Ltext61                    text61       000000
__Ltext62                    text62       000000
__Ltext63                    text63       000000
__Ltext64                    text64       000000
__Ltext7                     text7        000000
__Ltext8                     text8        000000
__Ltext9                     text9        000000
__S0                         (abs)        30000E
__S1                         (abs)        0000E4
__S2                         (abs)        000000
___awdiv                     text50       001D48
___awdiv@counter             cstackCOMRAM 000005
___awdiv@dividend            cstackCOMRAM 000001
___awdiv@divisor             cstackCOMRAM 000003
___awdiv@quotient            cstackCOMRAM 000007
___awdiv@sign                cstackCOMRAM 000006
___awtoft                    text37       0023AA
___awtoft@c                  cstackCOMRAM 000009
___awtoft@sign               cstackCOMRAM 00000C
___ftge                      text36       001A90
___ftge@ff1                  cstackCOMRAM 00001C
___ftge@ff2                  cstackCOMRAM 00001F
___ftmul                     text35       001574
___ftmul@cntr                cstackCOMRAM 00001A
___ftmul@exp                 cstackCOMRAM 000016
___ftmul@f1                  cstackCOMRAM 00000D
___ftmul@f2                  cstackCOMRAM 000010
___ftmul@f3_as_product       cstackCOMRAM 000017
___ftmul@sign                cstackCOMRAM 00001B
___ftpack                    text38       0019E2
___ftpack@arg                cstackCOMRAM 000001
___ftpack@exp                cstackCOMRAM 000004
___ftpack@sign               cstackCOMRAM 000005
___inthi_sp                  stack        000000
___intlo_sp                  stack        000000
___lldiv                     text21       001926
___lldiv@counter             cstackBANK0  0000BC
___lldiv@dividend            cstackBANK0  0000B0
___lldiv@divisor             cstackBANK0  0000B4
___lldiv@quotient            cstackBANK0  0000B8
___lwdiv                     text7        001DCC
___lwdiv@counter             cstackBANK0  0000B6
___lwdiv@dividend            cstackBANK0  0000B0
___lwdiv@divisor             cstackBANK0  0000B2
___lwdiv@quotient            cstackBANK0  0000B4
___lwmod                     text6        002080
___lwmod@counter             cstackBANK0  0000BB
___lwmod@dividend            cstackBANK0  0000B7
___lwmod@divisor             cstackBANK0  0000B9
___param_bank                (abs)        000000
___rparam_used               (abs)        000001
___sp                        stack        000000
___wmul                      text5        00241A
___wmul@multiplicand         cstackBANK0  0000B2
___wmul@multiplier           cstackBANK0  0000B0
___wmul@product              cstackBANK0  0000B4
__accesstop                  (abs)        000080
__activetblptr               (abs)        000002
__end_of_AD                  text39       0024D2
__end_of_CCW90               text48       001D48
__end_of_CW90                text47       001CBE
__end_of_HexDecToDec2        text40       0022DC
__end_of_I2C_Master_Init     text20       002142
__end_of_I2C_Master_Read     text12       00247E
__end_of_I2C_Master_Start    text11       0026E0
__end_of_I2C_Master_Stop     text10       0026D8
__end_of_I2C_Master_Wait     text13       002668
__end_of_I2C_Master_Write    text9        0026C6
__end_of_PWMC                text49       00175A
__end_of_PermLog             text51       001926
__end_of_ReadEE              text16       00263E
__end_of_ReadRun             text62       001574
__end_of_WriteEE             text46       002546
__end_of_WriteRun            text45       001442
__end_of___awdiv             text50       001DCC
__end_of___awtoft            text37       0023E2
__end_of___ftge              text36       001B20
__end_of___ftmul             text35       001668
__end_of___ftpack            text38       001A90
__end_of___lldiv             text21       0019E2
__end_of___lwdiv             text7        001E44
__end_of___lwmod             text6        0020E2
__end_of___wmul              text5        002450
__end_of__initialization     cinit        002314
__end_of_back                text64       002626
__end_of_captureKeypad       text61       00260A
__end_of_check9              text32       001FA6
__end_of_checkAA             text31       002018
__end_of_checkC              text30       001F30
__end_of_checkV              text34       00184A
__end_of_closeGate           text44       0025CE
__end_of_dpowers             mediumconst  00FDCB
__end_of_getTime             text8        001C34
__end_of_hexpowers           mediumconst  00FDD3
__end_of_initLCD             text17       002368
__end_of_initLatest          text15       00258E
__end_of_initialize          text14       00219E
__end_of_intrpt              intcode_body 000F2A
__end_of_isdigit             text4        0024A8
__end_of_lcdInst             text18       00269A
__end_of_lcdNibble           text19       002080
__end_of_main                text0        002294
__end_of_mainloop            text41       0012E0
__end_of_openGate            text43       0025AE
__end_of_printV              text33       0024FA
__end_of_printf              text2        0008FC
__end_of_putch               text3        00268A
__end_of_showInfo            text52       001152
__end_of_showRTC             text1        001BAA
__end_of_simulate            text23       000492
__end_of_stopMoving          text42       00241A
__end_ofi2_I2C_Master_Read   text28       002520
__end_ofi2_I2C_Master_Start  text27       0026F0
__end_ofi2_I2C_Master_Stop   text26       0026E8
__end_ofi2_I2C_Master_Wait   text29       00267A
__end_ofi2_I2C_Master_Write  text25       0026D0
__end_ofi2_ReadEE            text63       002654
__end_ofi2___lwdiv           text58       002246
__end_ofi2___lwmod           text57       0023AA
__end_ofi2___wmul            text56       00256C
__end_ofi2_getTime           text24       001EBA
__end_ofi2_isdigit           text55       0025EC
__end_ofi2_lcdInst           text59       0026B2
__end_ofi2_lcdNibble         text60       0021F4
__end_ofi2_printf            text53       000C96
__end_ofi2_putch             text54       0026A6
__initialization             cinit        0022DC
__mediumconst                mediumconst  00FDC0
__pbssBANK0                  bssBANK0     000080
__pbssCOMRAM                 bssCOMRAM    000077
__pcinit                     cinit        0022DC
__pcstackBANK0               cstackBANK0  0000B0
__pcstackCOMRAM              cstackCOMRAM 000001
__pdataBANK0                 dataBANK0    0000DA
__pidataBANK0                idataBANK0   0026B2
__pintcode                   intcode      000008
__pintcode_body              intcode_body 000C96
__pmediumconst               mediumconst  00FDC0
__ptext0                     text0        002246
__ptext1                     text1        001B20
__ptext10                    text10       0026D0
__ptext11                    text11       0026D8
__ptext12                    text12       002450
__ptext13                    text13       002654
__ptext14                    text14       002142
__ptext15                    text15       00256C
__ptext16                    text16       002626
__ptext17                    text17       002322
__ptext18                    text18       00268A
__ptext19                    text19       002018
__ptext2                     text2        000492
__ptext20                    text20       0020E2
__ptext21                    text21       001926
__ptext23                    text23       000012
__ptext24                    text24       001E44
__ptext25                    text25       0026C6
__ptext26                    text26       0026E0
__ptext27                    text27       0026E8
__ptext28                    text28       0024FA
__ptext29                    text29       002668
__ptext3                     text3        00267A
__ptext30                    text30       001EBA
__ptext31                    text31       001FA6
__ptext32                    text32       001F30
__ptext33                    text33       0024D2
__ptext34                    text34       00175A
__ptext35                    text35       001574
__ptext36                    text36       001A90
__ptext37                    text37       0023AA
__ptext38                    text38       0019E2
__ptext39                    text39       0024A8
__ptext4                     text4        00247E
__ptext40                    text40       002294
__ptext41                    text41       001152
__ptext42                    text42       0023E2
__ptext43                    text43       00258E
__ptext44                    text44       0025AE
__ptext45                    text45       0012E0
__ptext46                    text46       002520
__ptext47                    text47       001C34
__ptext48                    text48       001CBE
__ptext49                    text49       001668
__ptext5                     text5        00241A
__ptext50                    text50       001D48
__ptext51                    text51       00184A
__ptext52                    text52       000F2A
__ptext53                    text53       0008FC
__ptext54                    text54       00269A
__ptext55                    text55       0025CE
__ptext56                    text56       002546
__ptext57                    text57       002368
__ptext58                    text58       0021F4
__ptext59                    text59       0026A6
__ptext6                     text6        002080
__ptext60                    text60       00219E
__ptext61                    text61       0025EC
__ptext62                    text62       001442
__ptext63                    text63       00263E
__ptext64                    text64       00260A
__ptext7                     text7        001DCC
__ptext8                     text8        001BAA
__ptext9                     text9        0026BC
__ramtop                     ramtop       001000
__size_of_AD                 (abs)        000000
__size_of_CCW90              (abs)        000000
__size_of_CW90               (abs)        000000
__size_of_HexDecToDec2       (abs)        000000
__size_of_I2C_Master_Init    (abs)        000000
__size_of_I2C_Master_Read    (abs)        000000
__size_of_I2C_Master_Start   (abs)        000000
__size_of_I2C_Master_Stop    (abs)        000000
__size_of_I2C_Master_Wait    (abs)        000000
__size_of_I2C_Master_Write   (abs)        000000
__size_of_PWMC               (abs)        000000
__size_of_PermLog            (abs)        000000
__size_of_ReadEE             (abs)        000000
__size_of_ReadRun            (abs)        000000
__size_of_WriteEE            (abs)        000000
__size_of_WriteRun           (abs)        000000
__size_of___awdiv            (abs)        000000
__size_of___awtoft           (abs)        000000
__size_of___ftge             (abs)        000000
__size_of___ftmul            (abs)        000000
__size_of___ftpack           (abs)        000000
__size_of___lldiv            (abs)        000000
__size_of___lwdiv            (abs)        000000
__size_of___lwmod            (abs)        000000
__size_of___wmul             (abs)        000000
__size_of_back               (abs)        000000
__size_of_captureKeypad      (abs)        000000
__size_of_check9             (abs)        000000
__size_of_checkAA            (abs)        000000
__size_of_checkC             (abs)        000000
__size_of_checkV             (abs)        000000
__size_of_closeGate          (abs)        000000
__size_of_getTime            (abs)        000000
__size_of_initLCD            (abs)        000000
__size_of_initLatest         (abs)        000000
__size_of_initialize         (abs)        000000
__size_of_intrpt             (abs)        000000
__size_of_isdigit            (abs)        000000
__size_of_lcdInst            (abs)        000000
__size_of_lcdNibble          (abs)        000000
__size_of_main               (abs)        000000
__size_of_mainloop           (abs)        000000
__size_of_openGate           (abs)        000000
__size_of_printV             (abs)        000000
__size_of_printf             (abs)        000000
__size_of_putch              (abs)        000000
__size_of_showInfo           (abs)        000000
__size_of_showRTC            (abs)        000000
__size_of_simulate           (abs)        000000
__size_of_stopMoving         (abs)        000000
__size_ofi2_I2C_Master_Read  (abs)        000000
__size_ofi2_I2C_Master_Start (abs)        000000
__size_ofi2_I2C_Master_Stop  (abs)        000000
__size_ofi2_I2C_Master_Wait  (abs)        000000
__size_ofi2_I2C_Master_Write (abs)        000000
__size_ofi2_ReadEE           (abs)        000000
__size_ofi2___lwdiv          (abs)        000000
__size_ofi2___lwmod          (abs)        000000
__size_ofi2___wmul           (abs)        000000
__size_ofi2_getTime          (abs)        000000
__size_ofi2_isdigit          (abs)        000000
__size_ofi2_lcdInst          (abs)        000000
__size_ofi2_lcdNibble        (abs)        000000
__size_ofi2_printf           (abs)        000000
__size_ofi2_putch            (abs)        000000
__smallconst                 smallconst   000000
_back                        text64       00260A
_captureKeypad               text61       0025EC
_check9                      text32       001F30
_checkAA                     text31       001FA6
_checkC                      text30       001EBA
_checkV                      text34       00175A
_closeGate                   text44       0025AE
_dpowers                     mediumconst  00FDC1
_getTime                     text8        001BAA
_hexpowers                   mediumconst  00FDCB
_initLCD                     text17       002322
_initLatest                  text15       00256C
_initialize                  text14       002142
_intrpt                      intcode      000008
_isdigit                     text4        00247E
_isdigit$1079                cstackBANK0  0000B1
_lcdInst                     text18       00268A
_lcdNibble                   text19       002018
_main                        text0        002246
_mainloop                    text41       001152
_mode                        bssCOMRAM    00007B
_openGate                    text43       00258E
_printV                      text33       0024D2
_printf                      text2        000492
_putch                       text3        00267A
_showInfo                    text52       000F2A
_showRTC                     text1        001B20
_simulate                    text23       000012
_simulate$1521               cstackCOMRAM 000036
_stopMoving                  text42       0023E2
_stopMoving$577              cstackCOMRAM 000023
_time                        bssBANK0     0000A9
back@result                  cstackCOMRAM 000002
back@runs                    cstackCOMRAM 000001
btemp                        temp         00007D
captureKeypad@keypress       cstackCOMRAM 000003
check9@V                     cstackCOMRAM 000032
check9@sorted                cstackCOMRAM 00002E
checkAA@V                    cstackCOMRAM 000032
checkAA@sorted               cstackCOMRAM 00002E
checkC@V                     cstackCOMRAM 000032
checkC@sorted                cstackCOMRAM 00002E
checkV@channel               cstackCOMRAM 00002B
checkV@threshhold            cstackCOMRAM 000025
checkV@tmp                   cstackCOMRAM 000029
checkV@voltage               cstackCOMRAM 00002C
end_of_initialization        cinit        002314
getTime@i                    cstackBANK0  0000B5
getTime@time                 cstackBANK0  0000B3
i2I2C_Master_Read@a          cstackCOMRAM 000002
i2I2C_Master_Read@temp       cstackCOMRAM 000003
i2I2C_Master_Write@d         cstackCOMRAM 000002
i2ReadEE@address             cstackCOMRAM 000001
i2_I2C_Master_Read           text28       0024FA
i2_I2C_Master_Start          text27       0026E8
i2_I2C_Master_Stop           text26       0026E0
i2_I2C_Master_Wait           text29       002668
i2_I2C_Master_Write          text25       0026C6
i2_ReadEE                    text63       00263E
i2___lwdiv                   text58       0021F4
i2___lwdiv@counter           cstackCOMRAM 000007
i2___lwdiv@dividend          cstackCOMRAM 000001
i2___lwdiv@divisor           cstackCOMRAM 000003
i2___lwdiv@quotient          cstackCOMRAM 000005
i2___lwmod                   text57       002368
i2___lwmod@counter           cstackCOMRAM 00000C
i2___lwmod@dividend          cstackCOMRAM 000008
i2___lwmod@divisor           cstackCOMRAM 00000A
i2___wmul                    text56       002546
i2___wmul@multiplicand       cstackCOMRAM 000003
i2___wmul@multiplier         cstackCOMRAM 000001
i2___wmul@product            cstackCOMRAM 000005
i2_getTime                   text24       001E44
i2_isdigit                   text55       0025CE
i2_isdigit$1079              cstackCOMRAM 000002
i2_lcdInst                   text59       0026A6
i2_lcdNibble                 text60       00219E
i2_printf                    text53       0008FC
i2_putch                     text54       00269A
i2getTime@i                  cstackCOMRAM 000006
i2getTime@time               cstackCOMRAM 000004
i2isdigit@c                  cstackCOMRAM 000003
i2lcdInst@data               cstackCOMRAM 000003
i2lcdNibble@data             cstackCOMRAM 000002
i2lcdNibble@temp             cstackCOMRAM 000001
i2printf@ap                  cstackCOMRAM 000018
i2printf@c                   cstackCOMRAM 000022
i2printf@cp                  cstackCOMRAM 000015
i2printf@f                   cstackCOMRAM 00000D
i2printf@flag                cstackCOMRAM 00001F
i2printf@idx                 cstackCOMRAM 000017
i2printf@len                 cstackCOMRAM 00001A
i2printf@prec                cstackCOMRAM 00001C
i2printf@val                 cstackCOMRAM 00001D
i2printf@width               cstackCOMRAM 000020
i2putch@data                 cstackCOMRAM 000003
int$flags                    temp         00007D
int_func                     intcode_body 000C96
intlevel0                    text         000000
intlevel1                    text         000000
intlevel2                    text         000000
intlevel3                    text         000000
intrpt@F3137                 bssBANK0     000080
intrpt@keypress              cstackCOMRAM 000070
intrpt@port                  cstackCOMRAM 000071
isdigit@c                    cstackBANK0  0000B2
lcdInst@data                 cstackBANK0  0000B2
lcdNibble@data               cstackBANK0  0000B1
lcdNibble@temp               cstackBANK0  0000B0
mainloop@F3096               dataBANK0    0000E0
mainloop@F3101               dataBANK0    0000DA
mainloop@i                   cstackCOMRAM 00003E
mainloop@period              cstackCOMRAM 00003C
mainloop@portCW              cstackCOMRAM 000036
mainloop@sorted              cstackCOMRAM 000032
printV@charged               cstackCOMRAM 000023
printf@ap                    cstackBANK0  0000CB
printf@c                     cstackBANK0  0000D5
printf@cp                    cstackBANK0  0000C8
printf@f                     cstackBANK0  0000BC
printf@flag                  cstackBANK0  0000D2
printf@idx                   cstackBANK0  0000CA
printf@len                   cstackBANK0  0000CD
printf@prec                  cstackBANK0  0000CF
printf@val                   cstackBANK0  0000D0
printf@width                 cstackBANK0  0000D3
putch@data                   cstackBANK0  0000B2
showInfo@sorted              cstackCOMRAM 000025
showInfo@stop                cstackCOMRAM 00002E
showInfo@time                cstackCOMRAM 000023
showInfo@type                cstackCOMRAM 00002C
simulate@AA                  cstackCOMRAM 00005A
simulate@C                   cstackCOMRAM 000054
simulate@F3110               bssCOMRAM    000077
simulate@F3112               bssBANK0     0000A4
simulate@F3114               bssBANK0     0000A0
simulate@F3123               bssBANK0     000092
simulate@F3125               bssBANK0     00008C
simulate@F3127               bssBANK0     000086
simulate@V9                  cstackCOMRAM 000056
simulate@notyet              cstackCOMRAM 000040
simulate@now                 cstackCOMRAM 000038
simulate@period              cstackCOMRAM 000058
simulate@portCCW             cstackCOMRAM 00004E
simulate@portCW              cstackCOMRAM 000048
simulate@portShake           cstackCOMRAM 000041
simulate@shakeCW             cstackCOMRAM 000047
simulate@sorted              cstackCOMRAM 00005C
simulate@start               cstackCOMRAM 00003C
stackhi                      (abs)        000F7F
stacklo                      (abs)        0000E4
start                        init         00000E
start_initialization         cinit        0022DC
stopMoving@em                cstackCOMRAM 000025
testAD@F3144                 bssBANK0     00009C


FUNCTION INFORMATION:

 *************** function _main *****************
 Defined at:
		line 342 in file "main.c"
 Parameters:    Size  Location     Type
		None
 Auto vars:     Size  Location     Type
		None
 Return value:  Size  Location     Type
                  2  189[None  ] int 
 Registers used:
		wreg, fsr2l, fsr2h, status,2, status,0, tblptrl, tblptrh, tblptru, prodl, prodh, cstack
 Tracked objects:
		On entry : 
		On exit  : 
		Unchanged: 
 Data sizes:     COMRAM   BANK0   BANK1   BANK2   BANK3   BANK4   BANK5   BANK6   BANK7   BANK8   BANK9  BANK10  BANK11  BANK12  BANK13  BANK14  BANK15
      Params:         0       0       0       0       0       0       0       0       0       0       0       0       0       0       0       0       0
      Locals:         0       0       0       0       0       0       0       0       0       0       0       0       0       0       0       0       0
      Temps:          0       2       0       0       0       0       0       0       0       0       0       0       0       0       0       0       0
      Totals:         0       2       0       0       0       0       0       0       0       0       0       0       0       0       0       0       0
Total ram usage:        2 bytes
 Hardware stack levels required when called:   11
 This function calls:
		_initialize
		_lcdInst
		_printf
		_showRTC
 This function is called by:
		Startup code after reset
 This function uses a non-reentrant model


 *************** function _showRTC *****************
 Defined at:
		line 229 in file "main.c"
 Parameters:    Size  Location     Type
		None
 Auto vars:     Size  Location     Type
		None
 Return value:  Size  Location     Type
                  1    wreg      void 
 Registers used:
		wreg, fsr2l, fsr2h, status,2, status,0, tblptrl, tblptrh, tblptru, prodl, prodh, cstack
 Tracked objects:
		On entry : 
		On exit  : 
		Unchanged: 
 Data sizes:     COMRAM   BANK0   BANK1   BANK2   BANK3   BANK4   BANK5   BANK6   BANK7   BANK8   BANK9  BANK10  BANK11  BANK12  BANK13  BANK14  BANK15
      Params:         0       0       0       0       0       0       0       0       0       0       0       0       0       0       0       0       0
      Locals:         0       0       0       0       0       0       0       0       0       0       0       0       0       0       0       0       0
      Temps:          0       2       0       0       0       0       0       0       0       0       0       0       0       0       0       0       0
      Totals:         0       2       0       0       0       0       0       0       0       0       0       0       0       0       0       0       0
Total ram usage:        2 bytes
 Hardware stack levels used:    1
 Hardware stack levels required when called:   10
 This function calls:
		_getTime
		_lcdInst
		_printf
 This function is called by:
		_main
 This function uses a non-reentrant model


 *************** function _printf *****************
 Defined at:
		line 464 in file "C:\Program Files (x86)\Microchip\xc8\v1.41\sources\common\doprnt.c"
 Parameters:    Size  Location     Type
  f               2   12[BANK0 ] PTR const unsigned char 
		 -> STR_46(17), STR_45(17), STR_44(18), STR_43(22), 
		 -> STR_42(4), STR_41(3), STR_40(4), STR_39(5), 
		 -> STR_38(4), STR_37(18), STR_36(20), STR_35(16), 
		 -> STR_34(21), STR_33(16), STR_32(22), STR_31(16), 
		 -> STR_30(21), STR_29(16), STR_28(22), STR_27(23), 
		 -> STR_26(24), STR_25(21), STR_24(24), STR_23(24), 
		 -> STR_22(22), STR_21(19), STR_20(18), STR_19(25), 
		 -> STR_18(25), STR_17(27), STR_16(3), STR_15(3), 
		 -> STR_14(3), STR_13(5), STR_12(3), STR_11(3), 
		 -> STR_10(3), STR_9(4), STR_8(3), STR_7(3), 
		 -> STR_6(3), STR_5(4), STR_4(5), STR_3(21), 
		 -> STR_2(27), STR_1(21), 
 Auto vars:     Size  Location     Type
  idx             1   26[BANK0 ] unsigned char 
  tmpval          4    0        struct .
  width           2   35[BANK0 ] int 
  val             2   32[BANK0 ] unsigned int 
  len             2   29[BANK0 ] unsigned int 
  ap              2   27[BANK0 ] PTR void [1]
		 -> ?i2_printf(2), ?_printf(2), 
  cp              2   24[BANK0 ] PTR const unsigned char 
		 -> printf@c(1), 
  c               1   37[BANK0 ] char 
  flag            1   34[BANK0 ] unsigned char 
  prec            1   31[BANK0 ] char 
 Return value:  Size  Location     Type
                  2   12[BANK0 ] int 
 Registers used:
		wreg, fsr2l, fsr2h, status,2, status,0, tblptrl, tblptrh, tblptru, prodl, prodh, cstack
 Tracked objects:
		On entry : 
		On exit  : 
		Unchanged: 
 Data sizes:     COMRAM   BANK0   BANK1   BANK2   BANK3   BANK4   BANK5   BANK6   BANK7   BANK8   BANK9  BANK10  BANK11  BANK12  BANK13  BANK14  BANK15
      Params:         0       8       0       0       0       0       0       0       0       0       0       0       0       0       0       0       0
      Locals:         0      14       0       0       0       0       0       0       0       0       0       0       0       0       0       0       0
      Temps:          0       4       0       0       0       0       0       0       0       0       0       0       0       0       0       0       0
      Totals:         0      26       0       0       0       0       0       0       0       0       0       0       0       0       0       0       0
Total ram usage:       26 bytes
 Hardware stack levels used:    1
 Hardware stack levels required when called:    9
 This function calls:
		___lwdiv
		___lwmod
		___wmul
		_isdigit
		_putch
 This function is called by:
		_showRTC
		_main
		_testAD
 This function uses a non-reentrant model


 *************** function _putch *****************
 Defined at:
		line 25 in file "lcd.c"
 Parameters:    Size  Location     Type
  data            1    wreg     unsigned char 
 Auto vars:     Size  Location     Type
  data            1    2[BANK0 ] unsigned char 
 Return value:  Size  Location     Type
                  1    wreg      void 
 Registers used:
		wreg, status,2, status,0, cstack
 Tracked objects:
		On entry : 
		On exit  : 
		Unchanged: 
 Data sizes:     COMRAM   BANK0   BANK1   BANK2   BANK3   BANK4   BANK5   BANK6   BANK7   BANK8   BANK9  BANK10  BANK11  BANK12  BANK13  BANK14  BANK15
      Params:         0       0       0       0       0       0       0       0       0       0       0       0       0       0       0       0       0
      Locals:         0       1       0       0       0       0       0       0       0       0       0       0       0       0       0       0       0
      Temps:          0       0       0       0       0       0       0       0       0       0       0       0       0       0       0       0       0
      Totals:         0       1       0       0       0       0       0       0       0       0       0       0       0       0       0       0       0
Total ram usage:        1 bytes
 Hardware stack levels used:    1
 Hardware stack levels required when called:    8
 This function calls:
		_lcdNibble
 This function is called by:
		_printf
 This function uses a non-reentrant model


 *************** function _isdigit *****************
 Defined at:
		line 8 in file "C:\Program Files (x86)\Microchip\xc8\v1.41\sources\common\isdigit.c"
 Parameters:    Size  Location     Type
  c               1    wreg     unsigned char 
 Auto vars:     Size  Location     Type
  c               1    2[BANK0 ] unsigned char 
 Return value:  Size  Location     Type
		None               void
 Registers used:
		wreg, status,2, status,0
 Tracked objects:
		On entry : 
		On exit  : 
		Unchanged: 
 Data sizes:     COMRAM   BANK0   BANK1   BANK2   BANK3   BANK4   BANK5   BANK6   BANK7   BANK8   BANK9  BANK10  BANK11  BANK12  BANK13  BANK14  BANK15
      Params:         0       0       0       0       0       0       0       0       0       0       0       0       0       0       0       0       0
      Locals:         0       2       0       0       0       0       0       0       0       0       0       0       0       0       0       0       0
      Temps:          0       1       0       0       0       0       0       0       0       0       0       0       0       0       0       0       0
      Totals:         0       3       0       0       0       0       0       0       0       0       0       0       0       0       0       0       0
Total ram usage:        3 bytes
 Hardware stack levels used:    1
 Hardware stack levels required when called:    7
 This function calls:
		Nothing
 This function is called by:
		_printf
 This function uses a non-reentrant model


 *************** function ___wmul *****************
 Defined at:
		line 15 in file "C:\Program Files (x86)\Microchip\xc8\v1.41\sources\common\Umul16.c"
 Parameters:    Size  Location     Type
  multiplier      2    0[BANK0 ] unsigned int 
  multiplicand    2    2[BANK0 ] unsigned int 
 Auto vars:     Size  Location     Type
  product         2    4[BANK0 ] unsigned int 
 Return value:  Size  Location     Type
                  2    0[BANK0 ] unsigned int 
 Registers used:
		wreg, status,2, status,0, prodl, prodh
 Tracked objects:
		On entry : 
		On exit  : 
		Unchanged: 
 Data sizes:     COMRAM   BANK0   BANK1   BANK2   BANK3   BANK4   BANK5   BANK6   BANK7   BANK8   BANK9  BANK10  BANK11  BANK12  BANK13  BANK14  BANK15
      Params:         0       4       0       0       0       0       0       0       0       0       0       0       0       0       0       0       0
      Locals:         0       2       0       0       0       0       0       0       0       0       0       0       0       0       0       0       0
      Temps:          0       0       0       0       0       0       0       0       0       0       0       0       0       0       0       0       0
      Totals:         0       6       0       0       0       0       0       0       0       0       0       0       0       0       0       0       0
Total ram usage:        6 bytes
 Hardware stack levels used:    1
 Hardware stack levels required when called:    7
 This function calls:
		Nothing
 This function is called by:
		_printf
 This function uses a non-reentrant model


 *************** function ___lwmod *****************
 Defined at:
		line 8 in file "C:\Program Files (x86)\Microchip\xc8\v1.41\sources\common\lwmod.c"
 Parameters:    Size  Location     Type
  dividend        2    7[BANK0 ] unsigned int 
  divisor         2    9[BANK0 ] unsigned int 
 Auto vars:     Size  Location     Type
  counter         1   11[BANK0 ] unsigned char 
 Return value:  Size  Location     Type
                  2    7[BANK0 ] unsigned int 
 Registers used:
		wreg, status,2, status,0
 Tracked objects:
		On entry : 
		On exit  : 
		Unchanged: 
 Data sizes:     COMRAM   BANK0   BANK1   BANK2   BANK3   BANK4   BANK5   BANK6   BANK7   BANK8   BANK9  BANK10  BANK11  BANK12  BANK13  BANK14  BANK15
      Params:         0       4       0       0       0       0       0       0       0       0       0       0       0       0       0       0       0
      Locals:         0       1       0       0       0       0       0       0       0       0       0       0       0       0       0       0       0
      Temps:          0       0       0       0       0       0       0       0       0       0       0       0       0       0       0       0       0
      Totals:         0       5       0       0       0       0       0       0       0       0       0       0       0       0       0       0       0
Total ram usage:        5 bytes
 Hardware stack levels used:    1
 Hardware stack levels required when called:    7
 This function calls:
		Nothing
 This function is called by:
		_printf
 This function uses a non-reentrant model


 *************** function ___lwdiv *****************
 Defined at:
		line 8 in file "C:\Program Files (x86)\Microchip\xc8\v1.41\sources\common\lwdiv.c"
 Parameters:    Size  Location     Type
  dividend        2    0[BANK0 ] unsigned int 
  divisor         2    2[BANK0 ] unsigned int 
 Auto vars:     Size  Location     Type
  quotient        2    4[BANK0 ] unsigned int 
  counter         1    6[BANK0 ] unsigned char 
 Return value:  Size  Location     Type
                  2    0[BANK0 ] unsigned int 
 Registers used:
		wreg, status,2, status,0
 Tracked objects:
		On entry : 
		On exit  : 
		Unchanged: 
 Data sizes:     COMRAM   BANK0   BANK1   BANK2   BANK3   BANK4   BANK5   BANK6   BANK7   BANK8   BANK9  BANK10  BANK11  BANK12  BANK13  BANK14  BANK15
      Params:         0       4       0       0       0       0       0       0       0       0       0       0       0       0       0       0       0
      Locals:         0       3       0       0       0       0       0       0       0       0       0       0       0       0       0       0       0
      Temps:          0       0       0       0       0       0       0       0       0       0       0       0       0       0       0       0       0
      Totals:         0       7       0       0       0       0       0       0       0       0       0       0       0       0       0       0       0
Total ram usage:        7 bytes
 Hardware stack levels used:    1
 Hardware stack levels required when called:    7
 This function calls:
		Nothing
 This function is called by:
		_printf
 This function uses a non-reentrant model


 *************** function _getTime *****************
 Defined at:
		line 76 in file "modules.c"
 Parameters:    Size  Location     Type
  time            2    3[BANK0 ] PTR unsigned char 
		 -> time(7), 
 Auto vars:     Size  Location     Type
  i               1    5[BANK0 ] unsigned char 
 Return value:  Size  Location     Type
                  1    wreg      void 
 Registers used:
		wreg, fsr2l, fsr2h, status,2, status,0, prodl, prodh, cstack
 Tracked objects:
		On entry : 
		On exit  : 
		Unchanged: 
 Data sizes:     COMRAM   BANK0   BANK1   BANK2   BANK3   BANK4   BANK5   BANK6   BANK7   BANK8   BANK9  BANK10  BANK11  BANK12  BANK13  BANK14  BANK15
      Params:         0       2       0       0       0       0       0       0       0       0       0       0       0       0       0       0       0
      Locals:         0       1       0       0       0       0       0       0       0       0       0       0       0       0       0       0       0
      Temps:          0       0       0       0       0       0       0       0       0       0       0       0       0       0       0       0       0
      Totals:         0       3       0       0       0       0       0       0       0       0       0       0       0       0       0       0       0
Total ram usage:        3 bytes
 Hardware stack levels used:    1
 Hardware stack levels required when called:    9
 This function calls:
		_I2C_Master_Read
		_I2C_Master_Start
		_I2C_Master_Stop
		_I2C_Master_Write
 This function is called by:
		_showRTC
 This function uses a non-reentrant model


 *************** function _I2C_Master_Write *****************
 Defined at:
		line 42 in file "I2C.c"
 Parameters:    Size  Location     Type
  d               2    1[BANK0 ] unsigned int 
 Auto vars:     Size  Location     Type
		None
 Return value:  Size  Location     Type
                  1    wreg      void 
 Registers used:
		wreg, status,2, status,0, cstack
 Tracked objects:
		On entry : 
		On exit  : 
		Unchanged: 
 Data sizes:     COMRAM   BANK0   BANK1   BANK2   BANK3   BANK4   BANK5   BANK6   BANK7   BANK8   BANK9  BANK10  BANK11  BANK12  BANK13  BANK14  BANK15
      Params:         0       2       0       0       0       0       0       0       0       0       0       0       0       0       0       0       0
      Locals:         0       0       0       0       0       0       0       0       0       0       0       0       0       0       0       0       0
      Temps:          0       0       0       0       0       0       0       0       0       0       0       0       0       0       0       0       0
      Totals:         0       2       0       0       0       0       0       0       0       0       0       0       0       0       0       0       0
Total ram usage:        2 bytes
 Hardware stack levels used:    1
 Hardware stack levels required when called:    8
 This function calls:
		_I2C_Master_Wait
 This function is called by:
		_getTime
 This function uses a non-reentrant model


 *************** function _I2C_Master_Stop *****************
 Defined at:
		line 37 in file "I2C.c"
 Parameters:    Size  Location     Type
		None
 Auto vars:     Size  Location     Type
		None
 Return value:  Size  Location     Type
                  1    wreg      void 
 Registers used:
		wreg, status,2, status,0, cstack
 Tracked objects:
		On entry : 
		On exit  : 
		Unchanged: 
 Data sizes:     COMRAM   BANK0   BANK1   BANK2   BANK3   BANK4   BANK5   BANK6   BANK7   BANK8   BANK9  BANK10  BANK11  BANK12  BANK13  BANK14  BANK15
      Params:         0       0       0       0       0       0       0       0       0       0       0       0       0       0       0       0       0
      Locals:         0       0       0       0       0       0       0       0       0       0       0       0       0       0       0       0       0
      Temps:          0       0       0       0       0       0       0       0       0       0       0       0       0       0       0       0       0
      Totals:         0       0       0       0       0       0       0       0       0       0       0       0       0       0       0       0       0
Total ram usage:        0 bytes
 Hardware stack levels used:    1
 Hardware stack levels required when called:    8
 This function calls:
		_I2C_Master_Wait
 This function is called by:
		_getTime
 This function uses a non-reentrant model


 *************** function _I2C_Master_Start *****************
 Defined at:
		line 27 in file "I2C.c"
 Parameters:    Size  Location     Type
		None
 Auto vars:     Size  Location     Type
		None
 Return value:  Size  Location     Type
                  1    wreg      void 
 Registers used:
		wreg, status,2, status,0, cstack
 Tracked objects:
		On entry : 
		On exit  : 
		Unchanged: 
 Data sizes:     COMRAM   BANK0   BANK1   BANK2   BANK3   BANK4   BANK5   BANK6   BANK7   BANK8   BANK9  BANK10  BANK11  BANK12  BANK13  BANK14  BANK15
      Params:         0       0       0       0       0       0       0       0       0       0       0       0       0       0       0       0       0
      Locals:         0       0       0       0       0       0       0       0       0       0       0       0       0       0       0       0       0
      Temps:          0       0       0       0       0       0       0       0       0       0       0       0       0       0       0       0       0
      Totals:         0       0       0       0       0       0       0       0       0       0       0       0       0       0       0       0       0
Total ram usage:        0 bytes
 Hardware stack levels used:    1
 Hardware stack levels required when called:    8
 This function calls:
		_I2C_Master_Wait
 This function is called by:
		_getTime
 This function uses a non-reentrant model


 *************** function _I2C_Master_Read *****************
 Defined at:
		line 47 in file "I2C.c"
 Parameters:    Size  Location     Type
  a               1    wreg     unsigned char 
 Auto vars:     Size  Location     Type
  a               1    1[BANK0 ] unsigned char 
  temp            1    2[BANK0 ] unsigned char 
[...]
 Return value:  Size  Location     Type
		None               void
 Registers used:
		wreg, status,2, status,0
 Tracked objects:
		On entry : 
		On exit  : 
		Unchanged: 
 Data sizes:     COMRAM   BANK0   BANK1   BANK2   BANK3   BANK4   BANK5   BANK6   BANK7   BANK8   BANK9  BANK10  BANK11  BANK12  BANK13  BANK14  BANK15
      Params:         0       0       0       0       0       0       0       0       0       0       0       0       0       0       0       0       0
      Locals:         2       0       0       0       0       0       0       0       0       0       0       0       0       0       0       0       0
      Temps:          1       0       0       0       0       0       0       0       0       0       0       0       0       0       0       0       0
      Totals:         3       0       0       0       0       0       0       0       0       0       0       0       0       0       0       0       0
Total ram usage:        3 bytes
 Hardware stack levels used:    1
 This function calls:
		Nothing
 This function is called by:
		i2_printf
 This function uses a non-reentrant model


 *************** function i2___wmul *****************
 Defined at:
		line 15 in file "C:\Program Files (x86)\Microchip\xc8\v1.41\sources\common\Umul16.c"
 Parameters:    Size  Location     Type
  multiplier      2    0[COMRAM] unsigned int 
  multiplicand    2    2[COMRAM] unsigned int 
 Auto vars:     Size  Location     Type
  __wmul          2    4[COMRAM] unsigned int 
 Return value:  Size  Location     Type
                  2    0[COMRAM] unsigned int 
 Registers used:
		wreg, status,2, status,0, prodl, prodh
 Tracked objects:
		On entry : 
		On exit  : 
		Unchanged: 
 Data sizes:     COMRAM   BANK0   BANK1   BANK2   BANK3   BANK4   BANK5   BANK6   BANK7   BANK8   BANK9  BANK10  BANK11  BANK12  BANK13  BANK14  BANK15
      Params:         4       0       0       0       0       0       0       0       0       0       0       0       0       0       0       0       0
      Locals:         2       0       0       0       0       0       0       0       0       0       0       0       0       0       0       0       0
      Temps:          0       0       0       0       0       0       0       0       0       0       0       0       0       0       0       0       0
      Totals:         6       0       0       0       0       0       0       0       0       0       0       0       0       0       0       0       0
Total ram usage:        6 bytes
 Hardware stack levels used:    1
 This function calls:
		Nothing
 This function is called by:
		_simulate
		_HexDecToDec2
		_WriteRun
		i2_printf
 This function uses a non-reentrant model


 *************** function i2___lwmod *****************
 Defined at:
		line 8 in file "C:\Program Files (x86)\Microchip\xc8\v1.41\sources\common\lwmod.c"
 Parameters:    Size  Location     Type
  dividend        2    7[COMRAM] unsigned int 
  divisor         2    9[COMRAM] unsigned int 
 Auto vars:     Size  Location     Type
  __lwmod         1   11[COMRAM] unsigned char 
 Return value:  Size  Location     Type
                  2    7[COMRAM] unsigned int 
 Registers used:
		wreg, status,2, status,0
 Tracked objects:
		On entry : 
		On exit  : 
		Unchanged: 
 Data sizes:     COMRAM   BANK0   BANK1   BANK2   BANK3   BANK4   BANK5   BANK6   BANK7   BANK8   BANK9  BANK10  BANK11  BANK12  BANK13  BANK14  BANK15
      Params:         4       0       0       0       0       0       0       0       0       0       0       0       0       0       0       0       0
      Locals:         1       0       0       0       0       0       0       0       0       0       0       0       0       0       0       0       0
      Temps:          0       0       0       0       0       0       0       0       0       0       0       0       0       0       0       0       0
      Totals:         5       0       0       0       0       0       0       0       0       0       0       0       0       0       0       0       0
Total ram usage:        5 bytes
 Hardware stack levels used:    1
 This function calls:
		Nothing
 This function is called by:
		i2_printf
 This function uses a non-reentrant model


 *************** function i2___lwdiv *****************
 Defined at:
		line 8 in file "C:\Program Files (x86)\Microchip\xc8\v1.41\sources\common\lwdiv.c"
 Parameters:    Size  Location     Type
  dividend        2    0[COMRAM] unsigned int 
  divisor         2    2[COMRAM] unsigned int 
 Auto vars:     Size  Location     Type
  __lwdiv         2    4[COMRAM] unsigned int 
  __lwdiv         1    6[COMRAM] unsigned char 
 Return value:  Size  Location     Type
                  2    0[COMRAM] unsigned int 
 Registers used:
		wreg, status,2, status,0
 Tracked objects:
		On entry : 
		On exit  : 
		Unchanged: 
 Data sizes:     COMRAM   BANK0   BANK1   BANK2   BANK3   BANK4   BANK5   BANK6   BANK7   BANK8   BANK9  BANK10  BANK11  BANK12  BANK13  BANK14  BANK15
      Params:         4       0       0       0       0       0       0       0       0       0       0       0       0       0       0       0       0
      Locals:         3       0       0       0       0       0       0       0       0       0       0       0       0       0       0       0       0
      Temps:          0       0       0       0       0       0       0       0       0       0       0       0       0       0       0       0       0
      Totals:         7       0       0       0       0       0       0       0       0       0       0       0       0       0       0       0       0
Total ram usage:        7 bytes
 Hardware stack levels used:    1
 This function calls:
		Nothing
 This function is called by:
		i2_printf
 This function uses a non-reentrant model


 *************** function i2_lcdInst *****************
 Defined at:
		line 20 in file "lcd.c"
 Parameters:    Size  Location     Type
  data            1    wreg     unsigned char 
 Auto vars:     Size  Location     Type
  data            1    2[COMRAM] unsigned char 
 Return value:  Size  Location     Type
                  1    wreg      void 
 Registers used:
		wreg, status,2, status,0, cstack
 Tracked objects:
		On entry : 
		On exit  : 
		Unchanged: 
 Data sizes:     COMRAM   BANK0   BANK1   BANK2   BANK3   BANK4   BANK5   BANK6   BANK7   BANK8   BANK9  BANK10  BANK11  BANK12  BANK13  BANK14  BANK15
      Params:         0       0       0       0       0       0       0       0       0       0       0       0       0       0       0       0       0
      Locals:         1       0       0       0       0       0       0       0       0       0       0       0       0       0       0       0       0
      Temps:          0       0       0       0       0       0       0       0       0       0       0       0       0       0       0       0       0
      Totals:         1       0       0       0       0       0       0       0       0       0       0       0       0       0       0       0       0
Total ram usage:        1 bytes
 Hardware stack levels used:    1
 Hardware stack levels required when called:    1
 This function calls:
		i2_lcdNibble
 This function is called by:
		_mainloop
		_simulate
		_intrpt
		_showInfo
		_stopMoving
		_PermLog
 This function uses a non-reentrant model


 *************** function i2_lcdNibble *****************
 Defined at:
		line 30 in file "lcd.c"
 Parameters:    Size  Location     Type
  data            1    wreg     unsigned char 
 Auto vars:     Size  Location     Type
  data            1    1[COMRAM] unsigned char 
  lcdNibble       1    0[COMRAM] unsigned char 
 Return value:  Size  Location     Type
                  1    wreg      void 
 Registers used:
		wreg, status,2, status,0
 Tracked objects:
		On entry : 
		On exit  : 
		Unchanged: 
 Data sizes:     COMRAM   BANK0   BANK1   BANK2   BANK3   BANK4   BANK5   BANK6   BANK7   BANK8   BANK9  BANK10  BANK11  BANK12  BANK13  BANK14  BANK15
      Params:         0       0       0       0       0       0       0       0       0       0       0       0       0       0       0       0       0
      Locals:         2       0       0       0       0       0       0       0       0       0       0       0       0       0       0       0       0
      Temps:          0       0       0       0       0       0       0       0       0       0       0       0       0       0       0       0       0
      Totals:         2       0       0       0       0       0       0       0       0       0       0       0       0       0       0       0       0
Total ram usage:        2 bytes
 Hardware stack levels used:    1
 This function calls:
		Nothing
 This function is called by:
		i2_lcdInst
		i2_putch
 This function uses a non-reentrant model


 *************** function _captureKeypad *****************
 Defined at:
		line 13 in file "modules.c"
 Parameters:    Size  Location     Type
		None
 Auto vars:     Size  Location     Type
  keypress        1    2[COMRAM] unsigned char 
 Return value:  Size  Location     Type
                  2    0[COMRAM] unsigned int 
 Registers used:
		wreg, status,2, status,0
 Tracked objects:
		On entry : 
		On exit  : 
		Unchanged: 
 Data sizes:     COMRAM   BANK0   BANK1   BANK2   BANK3   BANK4   BANK5   BANK6   BANK7   BANK8   BANK9  BANK10  BANK11  BANK12  BANK13  BANK14  BANK15
      Params:         2       0       0       0       0       0       0       0       0       0       0       0       0       0       0       0       0
      Locals:         1       0       0       0       0       0       0       0       0       0       0       0       0       0       0       0       0
      Temps:          0       0       0       0       0       0       0       0       0       0       0       0       0       0       0       0       0
      Totals:         3       0       0       0       0       0       0       0       0       0       0       0       0       0       0       0       0
Total ram usage:        3 bytes
 Hardware stack levels used:    1
 This function calls:
		Nothing
 This function is called by:
		_showInfo
		_PermLog
 This function uses a non-reentrant model


 *************** function _ReadRun *****************
 Defined at:
		line 66 in file "eeprom.c"
 Parameters:    Size  Location     Type
  backruns        1    wreg     unsigned char 
  sorted          2    2[COMRAM] PTR unsigned char 
		 -> PermLog@sorted(4), 
  time            2    4[COMRAM] PTR unsigned int 
		 -> PermLog@time(2), 
 Auto vars:     Size  Location     Type
  backruns        1   10[COMRAM] unsigned char 
  add             2   11[COMRAM] unsigned int 
 Return value:  Size  Location     Type
                  1    wreg      void 
 Registers used:
		wreg, fsr2l, fsr2h, status,2, status,0, prodl, prodh, cstack
 Tracked objects:
		On entry : 
		On exit  : 
		Unchanged: 
 Data sizes:     COMRAM   BANK0   BANK1   BANK2   BANK3   BANK4   BANK5   BANK6   BANK7   BANK8   BANK9  BANK10  BANK11  BANK12  BANK13  BANK14  BANK15
      Params:         4       0       0       0       0       0       0       0       0       0       0       0       0       0       0       0       0
      Locals:         3       0       0       0       0       0       0       0       0       0       0       0       0       0       0       0       0
      Temps:          4       0       0       0       0       0       0       0       0       0       0       0       0       0       0       0       0
      Totals:        11       0       0       0       0       0       0       0       0       0       0       0       0       0       0       0       0
Total ram usage:       11 bytes
 Hardware stack levels used:    1
 Hardware stack levels required when called:    1
 This function calls:
		_back
		i2_ReadEE
 This function is called by:
		_PermLog
 This function uses a non-reentrant model


 *************** function i2_ReadEE *****************
 Defined at:
		line 16 in file "eeprom.c"
 Parameters:    Size  Location     Type
  address         2    0[COMRAM] unsigned int 
 Auto vars:     Size  Location     Type
		None
 Return value:  Size  Location     Type
                  1    wreg      unsigned char 
 Registers used:
		wreg, status,2
 Tracked objects:
		On entry : 
		On exit  : 
		Unchanged: 
 Data sizes:     COMRAM   BANK0   BANK1   BANK2   BANK3   BANK4   BANK5   BANK6   BANK7   BANK8   BANK9  BANK10  BANK11  BANK12  BANK13  BANK14  BANK15
      Params:         2       0       0       0       0       0       0       0       0       0       0       0       0       0       0       0       0
      Locals:         0       0       0       0       0       0       0       0       0       0       0       0       0       0       0       0       0
      Temps:          0       0       0       0       0       0       0       0       0       0       0       0       0       0       0       0       0
      Totals:         2       0       0       0       0       0       0       0       0       0       0       0       0       0       0       0       0
Total ram usage:        2 bytes
 Hardware stack levels used:    1
 This function calls:
		Nothing
 This function is called by:
		_ReadRun
 This function uses a non-reentrant model


 *************** function _back *****************
 Defined at:
		line 57 in file "eeprom.c"
 Parameters:    Size  Location     Type
  runs            1    wreg     unsigned char 
 Auto vars:     Size  Location     Type
  runs            1    0[COMRAM] unsigned char 
  result          1    1[COMRAM] unsigned char 
 Return value:  Size  Location     Type
                  1    wreg      unsigned char 
 Registers used:
		wreg, status,2, status,0
 Tracked objects:
		On entry : 
		On exit  : 
		Unchanged: 
 Data sizes:     COMRAM   BANK0   BANK1   BANK2   BANK3   BANK4   BANK5   BANK6   BANK7   BANK8   BANK9  BANK10  BANK11  BANK12  BANK13  BANK14  BANK15
      Params:         0       0       0       0       0       0       0       0       0       0       0       0       0       0       0       0       0
      Locals:         2       0       0       0       0       0       0       0       0       0       0       0       0       0       0       0       0
      Temps:          0       0       0       0       0       0       0       0       0       0       0       0       0       0       0       0       0
      Totals:         2       0       0       0       0       0       0       0       0       0       0       0       0       0       0       0       0
Total ram usage:        2 bytes
 Hardware stack levels used:    1
 This function calls:
		Nothing
 This function is called by:
		_ReadRun
 This function uses a non-reentrant model



MODULE INFORMATION

Module		Function		Class		Link	Load	Size
C:\Program Files (x86)\Microchip\xc8\v1.41\sources\common\lwdiv.c
		___lwdiv       		CODE           	1DCC	0000	121

C:\Program Files (x86)\Microchip\xc8\v1.41\sources\common\lwdiv.c estimated size: 121

C:\Program Files (x86)\Microchip\xc8\v1.41\sources\common\awdiv.c
		___awdiv       		CODE           	1D48	0000	133

C:\Program Files (x86)\Microchip\xc8\v1.41\sources\common\awdiv.c estimated size: 133

C:\Program Files (x86)\Microchip\xc8\v1.41\sources\common\lldiv.c
		___lldiv       		CODE           	1926	0000	189

C:\Program Files (x86)\Microchip\xc8\v1.41\sources\common\lldiv.c estimated size: 189

C:\Program Files (x86)\Microchip\xc8\v1.41\sources\common\doprnt.c
		_printf        		CODE           	0492	0000	1131

C:\Program Files (x86)\Microchip\xc8\v1.41\sources\common\doprnt.c estimated size: 1131

motors.c
		_CCW90         		CODE           	1CBE	0000	139
		_CW90          		CODE           	1C34	0000	139
		_closeGate     		CODE           	25AE	0000	33
		_stopMoving    		CODE           	23E2	0000	57
		_openGate      		CODE           	258E	0000	33
		_PWMC          		CODE           	1668	0000	243

motors.c estimated size: 644

C:\Program Files (x86)\Microchip\xc8\v1.41\sources\common\Umul16.c
		___wmul        		CODE           	241A	0000	55

C:\Program Files (x86)\Microchip\xc8\v1.41\sources\common\Umul16.c estimated size: 55

C:\Program Files (x86)\Microchip\xc8\v1.41\sources\common\isdigit.c
		_isdigit       		CODE           	247E	0000	43

C:\Program Files (x86)\Microchip\xc8\v1.41\sources\common\isdigit.c estimated size: 43

modules.c
		_showInfo      		CODE           	0F2A	0000	553
		_HexDecToDec2  		CODE           	2294	0000	73
		_getTime       		CODE           	1BAA	0000	139
		_captureKeypad 		CODE           	25EC	0000	31

modules.c estimated size: 796

sensors.c
		_checkV        		CODE           	175A	0000	241
		_AD            		CODE           	24A8	0000	43
		_printV        		CODE           	24D2	0000	41
		_check9        		CODE           	1F30	0000	119
		_checkC        		CODE           	1EBA	0000	119
		_checkAA       		CODE           	1FA6	0000	115

sensors.c estimated size: 678

I2C.c
		_I2C_Master_Read		CODE           	2450	0000	47
		_I2C_Master_Wait		CODE           	2654	0000	21
		_I2C_Master_Init		CODE           	20E2	0000	97
		_I2C_Master_Stop		CODE           	26D0	0000	9
		_I2C_Master_Write		CODE           	26BC	0000	11
		_I2C_Master_Start		CODE           	26D8	0000	9

I2C.c estimated size: 194

C:\Program Files (x86)\Microchip\xc8\v1.41\sources\common\ftge.c
		___ftge        		CODE           	1A90	0000	145

C:\Program Files (x86)\Microchip\xc8\v1.41\sources\common\ftge.c estimated size: 145

eeprom.c
		_WriteRun      		CODE           	12E0	0000	355
		_initLatest    		CODE           	256C	0000	35
		_PermLog       		CODE           	184A	0000	221
		_ReadEE        		CODE           	2626	0000	25
		_WriteEE       		CODE           	2520	0000	39
		_back          		CODE           	260A	0000	29
		_ReadRun       		CODE           	1442	0000	307

eeprom.c estimated size: 1011

C:\Program Files (x86)\Microchip\xc8\v1.41\sources\common\float.c
		___ftpack      		CODE           	19E2	0000	175

C:\Program Files (x86)\Microchip\xc8\v1.41\sources\common\float.c estimated size: 175

shared
		i2_printf      		CODE           	08FC	0000	923
		i2_I2C_Master_Start		CODE           	26E8	0000	9
		i2_putch       		CODE           	269A	0000	13
		i2_lcdNibble   		CODE           	219E	0000	87
		_dpowers       		MEDIUMCONST    	FDC1	0000	11
		i2___lwdiv     		CODE           	21F4	0000	83
		i2_isdigit     		CODE           	25CE	0000	31
		i2___wmul      		CODE           	2546	0000	39
		i2_I2C_Master_Read		CODE           	24FA	0000	39
		i2___lwmod     		CODE           	2368	0000	67
		i2_ReadEE      		CODE           	263E	0000	23
		__initialization		CODE           	22DC	0000	57
		i2_I2C_Master_Wait		CODE           	2668	0000	19
		_hexpowers     		MEDIUMCONST    	FDCB	0000	9
		i2_I2C_Master_Stop		CODE           	26E0	0000	9
		i2_lcdInst     		CODE           	26A6	0000	13
		i2_I2C_Master_Write		CODE           	26C6	0000	11
		i2_getTime     		CODE           	1E44	0000	119

shared estimated size: 1562

C:\Program Files (x86)\Microchip\xc8\v1.41\sources\common\lwmod.c
		___lwmod       		CODE           	2080	0000	99

C:\Program Files (x86)\Microchip\xc8\v1.41\sources\common\lwmod.c estimated size: 99

C:\Program Files (x86)\Microchip\xc8\v1.41\sources\common\awtoft.c
		___awtoft      		CODE           	23AA	0000	57

C:\Program Files (x86)\Microchip\xc8\v1.41\sources\common\awtoft.c estimated size: 57

lcd.c
		_putch         		CODE           	267A	0000	17
		_lcdInst       		CODE           	268A	0000	17
		_lcdNibble     		CODE           	2018	0000	105
		_initLCD       		CODE           	2322	0000	71

lcd.c estimated size: 210

C:\Program Files (x86)\Microchip\xc8\v1.41\sources\common\ftmul.c
		___ftmul       		CODE           	1574	0000	245

C:\Program Files (x86)\Microchip\xc8\v1.41\sources\common\ftmul.c estimated size: 245

main.c
		_simulate      		CODE           	0012	0000	1153
		_main          		CODE           	2246	0000	79
		_mainloop      		CODE           	1152	0000	399
		_intrpt        		CODE           	0008	0000	667
		_showRTC       		CODE           	1B20	0000	139
		_initialize    		CODE           	2142	0000	93

main.c estimated size: 2530

